Archive member included to satisfy reference by file (symbol)

c:/program files (x86)/atollic/truestudio for stm32 9.3.0/armtools/bin/../lib/gcc/arm-atollic-eabi/6.3.1/../../../../arm-atollic-eabi/lib/armv7-m\libc_nano.a(lib_a-init.o)
                              startup\startup_stm32f207xx.o (__libc_init_array)
c:/program files (x86)/atollic/truestudio for stm32 9.3.0/armtools/bin/../lib/gcc/arm-atollic-eabi/6.3.1/../../../../arm-atollic-eabi/lib/armv7-m\libc_nano.a(lib_a-memcmp.o)
                              Core\Src\cnc\gcode.o (memcmp)
c:/program files (x86)/atollic/truestudio for stm32 9.3.0/armtools/bin/../lib/gcc/arm-atollic-eabi/6.3.1/../../../../arm-atollic-eabi/lib/armv7-m\libc_nano.a(lib_a-memcpy-stub.o)
                              Core\Src\cnc\report.o (memcpy)
c:/program files (x86)/atollic/truestudio for stm32 9.3.0/armtools/bin/../lib/gcc/arm-atollic-eabi/6.3.1/../../../../arm-atollic-eabi/lib/armv7-m\libc_nano.a(lib_a-memset.o)
                              Core\Src\cnc\gcode.o (memset)
c:/program files (x86)/atollic/truestudio for stm32 9.3.0/armtools/bin/../lib/gcc/arm-atollic-eabi/6.3.1/../../../../arm-atollic-eabi/lib/armv7-m\libc_nano.a(lib_a-printf.o)
                              LWIP\Target\ethernetif.o (printf)
c:/program files (x86)/atollic/truestudio for stm32 9.3.0/armtools/bin/../lib/gcc/arm-atollic-eabi/6.3.1/../../../../arm-atollic-eabi/lib/armv7-m\libc_nano.a(lib_a-puts.o)
                              Core\Src\cnc\tcp.o (puts)
c:/program files (x86)/atollic/truestudio for stm32 9.3.0/armtools/bin/../lib/gcc/arm-atollic-eabi/6.3.1/../../../../arm-atollic-eabi/lib/armv7-m\libc_nano.a(lib_a-strlen.o)
                              Core\Src\main.o (strlen)
c:/program files (x86)/atollic/truestudio for stm32 9.3.0/armtools/bin/../lib/gcc/arm-atollic-eabi/6.3.1/../../../../arm-atollic-eabi/lib/armv7-m\libc_nano.a(lib_a-strncmp.o)
                              Middlewares\Third_Party\LwIP\src\core\def.o (strncmp)
c:/program files (x86)/atollic/truestudio for stm32 9.3.0/armtools/bin/../lib/gcc/arm-atollic-eabi/6.3.1/../../../../arm-atollic-eabi/lib/armv7-m\libc_nano.a(lib_a-wbuf.o)
                              c:/program files (x86)/atollic/truestudio for stm32 9.3.0/armtools/bin/../lib/gcc/arm-atollic-eabi/6.3.1/../../../../arm-atollic-eabi/lib/armv7-m\libc_nano.a(lib_a-puts.o) (__swbuf_r)
c:/program files (x86)/atollic/truestudio for stm32 9.3.0/armtools/bin/../lib/gcc/arm-atollic-eabi/6.3.1/../../../../arm-atollic-eabi/lib/armv7-m\libc_nano.a(lib_a-wsetup.o)
                              c:/program files (x86)/atollic/truestudio for stm32 9.3.0/armtools/bin/../lib/gcc/arm-atollic-eabi/6.3.1/../../../../arm-atollic-eabi/lib/armv7-m\libc_nano.a(lib_a-puts.o) (__swsetup_r)
c:/program files (x86)/atollic/truestudio for stm32 9.3.0/armtools/bin/../lib/gcc/arm-atollic-eabi/6.3.1/../../../../arm-atollic-eabi/lib/armv7-m\libc_nano.a(lib_a-fflush.o)
                              c:/program files (x86)/atollic/truestudio for stm32 9.3.0/armtools/bin/../lib/gcc/arm-atollic-eabi/6.3.1/../../../../arm-atollic-eabi/lib/armv7-m\libc_nano.a(lib_a-wbuf.o) (_fflush_r)
c:/program files (x86)/atollic/truestudio for stm32 9.3.0/armtools/bin/../lib/gcc/arm-atollic-eabi/6.3.1/../../../../arm-atollic-eabi/lib/armv7-m\libc_nano.a(lib_a-findfp.o)
                              c:/program files (x86)/atollic/truestudio for stm32 9.3.0/armtools/bin/../lib/gcc/arm-atollic-eabi/6.3.1/../../../../arm-atollic-eabi/lib/armv7-m\libc_nano.a(lib_a-printf.o) (__sinit)
c:/program files (x86)/atollic/truestudio for stm32 9.3.0/armtools/bin/../lib/gcc/arm-atollic-eabi/6.3.1/../../../../arm-atollic-eabi/lib/armv7-m\libc_nano.a(lib_a-fwalk.o)
                              c:/program files (x86)/atollic/truestudio for stm32 9.3.0/armtools/bin/../lib/gcc/arm-atollic-eabi/6.3.1/../../../../arm-atollic-eabi/lib/armv7-m\libc_nano.a(lib_a-findfp.o) (_fwalk)
c:/program files (x86)/atollic/truestudio for stm32 9.3.0/armtools/bin/../lib/gcc/arm-atollic-eabi/6.3.1/../../../../arm-atollic-eabi/lib/armv7-m\libc_nano.a(lib_a-impure.o)
                              c:/program files (x86)/atollic/truestudio for stm32 9.3.0/armtools/bin/../lib/gcc/arm-atollic-eabi/6.3.1/../../../../arm-atollic-eabi/lib/armv7-m\libc_nano.a(lib_a-fflush.o) (_global_impure_ptr)
c:/program files (x86)/atollic/truestudio for stm32 9.3.0/armtools/bin/../lib/gcc/arm-atollic-eabi/6.3.1/../../../../arm-atollic-eabi/lib/armv7-m\libc_nano.a(lib_a-makebuf.o)
                              c:/program files (x86)/atollic/truestudio for stm32 9.3.0/armtools/bin/../lib/gcc/arm-atollic-eabi/6.3.1/../../../../arm-atollic-eabi/lib/armv7-m\libc_nano.a(lib_a-wsetup.o) (__smakebuf_r)
c:/program files (x86)/atollic/truestudio for stm32 9.3.0/armtools/bin/../lib/gcc/arm-atollic-eabi/6.3.1/../../../../arm-atollic-eabi/lib/armv7-m\libc_nano.a(lib_a-nano-freer.o)
[...]
Memory Configuration

Name             Origin             Length             Attributes
RAM              0x20000000         0x00020000         xrw
FLASH            0x08000000         0x00040000         xr
*default*        0x00000000         0xffffffff

Linker script and memory map

LOAD c:/program files (x86)/atollic/truestudio for stm32 9.3.0/armtools/bin/../lib/gcc/arm-atollic-eabi/6.3.1/armv7-m/crti.o
LOAD c:/program files (x86)/atollic/truestudio for stm32 9.3.0/armtools/bin/../lib/gcc/arm-atollic-eabi/6.3.1/armv7-m/crtbegin.o
LOAD Core\Src\cnc\coolant.o
LOAD Core\Src\cnc\gcode.o
LOAD Core\Src\cnc\io.o
LOAD Core\Src\cnc\limits.o
LOAD Core\Src\cnc\motion.o
LOAD Core\Src\cnc\nuts.o
LOAD Core\Src\cnc\planner.o
LOAD Core\Src\cnc\print.o
LOAD Core\Src\cnc\probe.o
LOAD Core\Src\cnc\protocol.o
LOAD Core\Src\cnc\report.o
LOAD Core\Src\cnc\settings.o
LOAD Core\Src\cnc\spindle.o
LOAD Core\Src\cnc\steppers.o
LOAD Core\Src\cnc\system.o
LOAD Core\Src\cnc\tcp.o
LOAD Core\Src\cnc\tool.o
LOAD Core\Src\cnc\vfd.o
LOAD Core\Src\eeprom.o
LOAD Core\Src\freertos.o
LOAD Core\Src\main.o
LOAD Core\Src\stm32f2xx_hal_msp.o
LOAD Core\Src\stm32f2xx_hal_timebase_tim.o
LOAD Core\Src\stm32f2xx_it.o
LOAD Core\Src\syscalls.o
LOAD Core\Src\system_stm32f2xx.o
LOAD Drivers\STM32F2xx_HAL_Driver\Src\stm32f2xx_hal.o
LOAD Drivers\STM32F2xx_HAL_Driver\Src\stm32f2xx_hal_cortex.o
LOAD Drivers\STM32F2xx_HAL_Driver\Src\stm32f2xx_hal_dma.o
LOAD Drivers\STM32F2xx_HAL_Driver\Src\stm32f2xx_hal_dma_ex.o
LOAD Drivers\STM32F2xx_HAL_Driver\Src\stm32f2xx_hal_eth.o
LOAD Drivers\STM32F2xx_HAL_Driver\Src\stm32f2xx_hal_exti.o
LOAD Drivers\STM32F2xx_HAL_Driver\Src\stm32f2xx_hal_flash.o
LOAD Drivers\STM32F2xx_HAL_Driver\Src\stm32f2xx_hal_flash_ex.o
LOAD Drivers\STM32F2xx_HAL_Driver\Src\stm32f2xx_hal_gpio.o
LOAD Drivers\STM32F2xx_HAL_Driver\Src\stm32f2xx_hal_pwr.o
LOAD Drivers\STM32F2xx_HAL_Driver\Src\stm32f2xx_hal_pwr_ex.o
LOAD Drivers\STM32F2xx_HAL_Driver\Src\stm32f2xx_hal_rcc.o
LOAD Drivers\STM32F2xx_HAL_Driver\Src\stm32f2xx_hal_rcc_ex.o
LOAD Drivers\STM32F2xx_HAL_Driver\Src\stm32f2xx_hal_tim.o
LOAD Drivers\STM32F2xx_HAL_Driver\Src\stm32f2xx_hal_tim_ex.o
LOAD Drivers\STM32F2xx_HAL_Driver\Src\stm32f2xx_hal_usart.o
LOAD LWIP\App\lwip.o
LOAD LWIP\Target\ethernetif.o
LOAD Middlewares\Third_Party\FreeRTOS\Source\CMSIS_RTOS\cmsis_os.o
LOAD Middlewares\Third_Party\FreeRTOS\Source\croutine.o
LOAD Middlewares\Third_Party\FreeRTOS\Source\event_groups.o
LOAD Middlewares\Third_Party\FreeRTOS\Source\list.o
LOAD Middlewares\Third_Party\FreeRTOS\Source\portable\GCC\ARM_CM3\port.o
LOAD Middlewares\Third_Party\FreeRTOS\Source\portable\MemMang\heap_4.o
LOAD Middlewares\Third_Party\FreeRTOS\Source\queue.o
LOAD Middlewares\Third_Party\FreeRTOS\Source\stream_buffer.o
LOAD Middlewares\Third_Party\FreeRTOS\Source\tasks.o
LOAD Middlewares\Third_Party\FreeRTOS\Source\timers.o
LOAD Middlewares\Third_Party\LwIP\src\api\api_lib.o
LOAD Middlewares\Third_Party\LwIP\src\api\api_msg.o
LOAD Middlewares\Third_Party\LwIP\src\api\err.o
LOAD Middlewares\Third_Party\LwIP\src\api\netbuf.o
LOAD Middlewares\Third_Party\LwIP\src\api\netdb.o
LOAD Middlewares\Third_Party\LwIP\src\api\netifapi.o
LOAD Middlewares\Third_Party\LwIP\src\api\sockets.o
LOAD Middlewares\Third_Party\LwIP\src\api\tcpip.o
LOAD Middlewares\Third_Party\LwIP\src\apps\mqtt\mqtt.o
LOAD Middlewares\Third_Party\LwIP\src\core\def.o
LOAD Middlewares\Third_Party\LwIP\src\core\dns.o
LOAD Middlewares\Third_Party\LwIP\src\core\inet_chksum.o
LOAD Middlewares\Third_Party\LwIP\src\core\init.o
LOAD Middlewares\Third_Party\LwIP\src\core\ip.o
LOAD Middlewares\Third_Party\LwIP\src\core\ipv4\autoip.o
LOAD Middlewares\Third_Party\LwIP\src\core\ipv4\dhcp.o
LOAD Middlewares\Third_Party\LwIP\src\core\ipv4\etharp.o
LOAD Middlewares\Third_Party\LwIP\src\core\ipv4\icmp.o
LOAD Middlewares\Third_Party\LwIP\src\core\ipv4\igmp.o
LOAD Middlewares\Third_Party\LwIP\src\core\ipv4\ip4.o
LOAD Middlewares\Third_Party\LwIP\src\core\ipv4\ip4_addr.o
LOAD Middlewares\Third_Party\LwIP\src\core\ipv4\ip4_frag.o
LOAD Middlewares\Third_Party\LwIP\src\core\ipv6\dhcp6.o
LOAD Middlewares\Third_Party\LwIP\src\core\ipv6\ethip6.o
LOAD Middlewares\Third_Party\LwIP\src\core\ipv6\icmp6.o
LOAD Middlewares\Third_Party\LwIP\src\core\ipv6\inet6.o
LOAD Middlewares\Third_Party\LwIP\src\core\ipv6\ip6.o
LOAD Middlewares\Third_Party\LwIP\src\core\ipv6\ip6_addr.o
LOAD Middlewares\Third_Party\LwIP\src\core\ipv6\ip6_frag.o
LOAD Middlewares\Third_Party\LwIP\src\core\ipv6\mld6.o
LOAD Middlewares\Third_Party\LwIP\src\core\ipv6\nd6.o
LOAD Middlewares\Third_Party\LwIP\src\core\mem.o
LOAD Middlewares\Third_Party\LwIP\src\core\memp.o
LOAD Middlewares\Third_Party\LwIP\src\core\netif.o
LOAD Middlewares\Third_Party\LwIP\src\core\pbuf.o
LOAD Middlewares\Third_Party\LwIP\src\core\raw.o
LOAD Middlewares\Third_Party\LwIP\src\core\stats.o
LOAD Middlewares\Third_Party\LwIP\src\core\sys.o
LOAD Middlewares\Third_Party\LwIP\src\core\tcp.o
LOAD Middlewares\Third_Party\LwIP\src\core\tcp_in.o
LOAD Middlewares\Third_Party\LwIP\src\core\tcp_out.o
LOAD Middlewares\Third_Party\LwIP\src\core\timeouts.o
LOAD Middlewares\Third_Party\LwIP\src\core\udp.o
LOAD Middlewares\Third_Party\LwIP\src\netif\ethernet.o
LOAD Middlewares\Third_Party\LwIP\src\netif\lowpan6.o
LOAD Middlewares\Third_Party\LwIP\src\netif\ppp\auth.o
LOAD Middlewares\Third_Party\LwIP\src\netif\ppp\ccp.o
LOAD Middlewares\Third_Party\LwIP\src\netif\ppp\chap-md5.o
LOAD Middlewares\Third_Party\LwIP\src\netif\ppp\chap-new.o
LOAD Middlewares\Third_Party\LwIP\src\netif\ppp\chap_ms.o
LOAD Middlewares\Third_Party\LwIP\src\netif\ppp\demand.o
LOAD Middlewares\Third_Party\LwIP\src\netif\ppp\eap.o
LOAD Middlewares\Third_Party\LwIP\src\netif\ppp\ecp.o
LOAD Middlewares\Third_Party\LwIP\src\netif\ppp\eui64.o
LOAD Middlewares\Third_Party\LwIP\src\netif\ppp\fsm.o
LOAD Middlewares\Third_Party\LwIP\src\netif\ppp\ipcp.o
LOAD Middlewares\Third_Party\LwIP\src\netif\ppp\ipv6cp.o
LOAD Middlewares\Third_Party\LwIP\src\netif\ppp\lcp.o
LOAD Middlewares\Third_Party\LwIP\src\netif\ppp\magic.o
LOAD Middlewares\Third_Party\LwIP\src\netif\ppp\mppe.o
LOAD Middlewares\Third_Party\LwIP\src\netif\ppp\multilink.o
LOAD Middlewares\Third_Party\LwIP\src\netif\ppp\ppp.o
LOAD Middlewares\Third_Party\LwIP\src\netif\ppp\pppapi.o
LOAD Middlewares\Third_Party\LwIP\src\netif\ppp\pppcrypt.o
LOAD Middlewares\Third_Party\LwIP\src\netif\ppp\pppoe.o
LOAD Middlewares\Third_Party\LwIP\src\netif\ppp\pppol2tp.o
LOAD Middlewares\Third_Party\LwIP\src\netif\ppp\pppos.o
LOAD Middlewares\Third_Party\LwIP\src\netif\ppp\upap.o
LOAD Middlewares\Third_Party\LwIP\src\netif\ppp\utils.o
LOAD Middlewares\Third_Party\LwIP\src\netif\ppp\vj.o
LOAD Middlewares\Third_Party\LwIP\src\netif\slipif.o
LOAD Middlewares\Third_Party\LwIP\system\OS\sys_arch.o
LOAD startup\startup_stm32f207xx.o
                0x00000080                malloc_getpagesize_P = 0x80
START GROUP
LOAD c:/program files (x86)/atollic/truestudio for stm32 9.3.0/armtools/bin/../lib/gcc/arm-atollic-eabi/6.3.1/../../../../arm-atollic-eabi/lib/armv7-m\libc_nano.a
LOAD c:/program files (x86)/atollic/truestudio for stm32 9.3.0/armtools/bin/../lib/gcc/arm-atollic-eabi/6.3.1/../../../../arm-atollic-eabi/lib/armv7-m\libm.a
END GROUP
START GROUP
LOAD c:/program files (x86)/atollic/truestudio for stm32 9.3.0/armtools/bin/../lib/gcc/arm-atollic-eabi/6.3.1/armv7-m\libgcc.a
LOAD c:/program files (x86)/atollic/truestudio for stm32 9.3.0/armtools/bin/../lib/gcc/arm-atollic-eabi/6.3.1/../../../../arm-atollic-eabi/lib/armv7-m\libc_nano.a
END GROUP
START GROUP
LOAD c:/program files (x86)/atollic/truestudio for stm32 9.3.0/armtools/bin/../lib/gcc/arm-atollic-eabi/6.3.1/armv7-m\libgcc.a
LOAD c:/program files (x86)/atollic/truestudio for stm32 9.3.0/armtools/bin/../lib/gcc/arm-atollic-eabi/6.3.1/../../../../arm-atollic-eabi/lib/armv7-m\libc_nano.a
LOAD c:/program files (x86)/atollic/truestudio for stm32 9.3.0/armtools/bin/../lib/gcc/arm-atollic-eabi/6.3.1/../../../../arm-atollic-eabi/lib/armv7-m\libnosys.a
END GROUP
START GROUP
LOAD c:/program files (x86)/atollic/truestudio for stm32 9.3.0/armtools/bin/../lib/gcc/arm-atollic-eabi/6.3.1/armv7-m\libgcc.a
LOAD c:/program files (x86)/atollic/truestudio for stm32 9.3.0/armtools/bin/../lib/gcc/arm-atollic-eabi/6.3.1/../../../../arm-atollic-eabi/lib/armv7-m\libc_nano.a
LOAD c:/program files (x86)/atollic/truestudio for stm32 9.3.0/armtools/bin/../lib/gcc/arm-atollic-eabi/6.3.1/../../../../arm-atollic-eabi/lib/armv7-m\libnosys.a
END GROUP
LOAD c:/program files (x86)/atollic/truestudio for stm32 9.3.0/armtools/bin/../lib/gcc/arm-atollic-eabi/6.3.1/armv7-m/crtend.o
LOAD c:/program files (x86)/atollic/truestudio for stm32 9.3.0/armtools/bin/../lib/gcc/arm-atollic-eabi/6.3.1/armv7-m/crtn.o
                0x20020000                _estack = 0x20020000
                0x00000200                _Min_Heap_Size = 0x200
                0x00000400                _Min_Stack_Size = 0x400

.isr_vector     0x08000000      0x184
                0x08000000                . = ALIGN (0x4)
 *(.isr_vector)
 .isr_vector    0x08000000      0x184 startup\startup_stm32f207xx.o
                0x08000000                g_pfnVectors
                0x08000184                . = ALIGN (0x4)

.text           0x08000190    0x120a8
                0x08000190                . = ALIGN (0x4)
 *(.text)
 .text          0x08000190       0x40 c:/program files (x86)/atollic/truestudio for stm32 9.3.0/armtools/bin/../lib/gcc/arm-atollic-eabi/6.3.1/armv7-m/crtbegin.o
 .text          0x080001d0       0x10 c:/program files (x86)/atollic/truestudio for stm32 9.3.0/armtools/bin/../lib/gcc/arm-atollic-eabi/6.3.1/../../../../arm-atollic-eabi/lib/armv7-m\libc_nano.a(lib_a-strlen.o)
                0x080001d0                strlen
 .text          0x080001e0      0x370 c:/program files (x86)/atollic/truestudio for stm32 9.3.0/armtools/bin/../lib/gcc/arm-atollic-eabi/6.3.1/armv7-m\libgcc.a(_arm_addsubdf3.o)
                0x080001e0                __aeabi_drsub
                0x080001e8                __aeabi_dsub
                0x080001e8                __subdf3
                0x080001ec                __aeabi_dadd
                0x080001ec                __adddf3
                0x08000464                __floatunsidf
                0x08000464                __aeabi_ui2d
                0x08000484                __floatsidf
                0x08000484                __aeabi_i2d
                0x080004a8                __aeabi_f2d
                0x080004a8                __extendsfdf2
                0x080004e4                __floatundidf
                0x080004e4                __aeabi_ul2d
                0x080004f4                __floatdidf
                0x080004f4                __aeabi_l2d
 .text          0x08000550      0x424 c:/program files (x86)/atollic/truestudio for stm32 9.3.0/armtools/bin/../lib/gcc/arm-atollic-eabi/6.3.1/armv7-m\libgcc.a(_arm_muldivdf3.o)
                0x08000550                __aeabi_dmul
                0x08000550                __muldf3
                0x080007a4                __divdf3
                0x080007a4                __aeabi_ddiv
 .text          0x08000974      0x110 c:/program files (x86)/atollic/truestudio for stm32 9.3.0/armtools/bin/../lib/gcc/arm-atollic-eabi/6.3.1/armv7-m\libgcc.a(_arm_cmpdf2.o)
                0x08000974                __gtdf2
                0x08000974                __gedf2
                0x0800097c                __ltdf2
                0x0800097c                __ledf2
                0x08000984                __nedf2
                0x08000984                __eqdf2
                0x08000984                __cmpdf2
                0x08000a00                __aeabi_cdrcmple
                0x08000a10                __aeabi_cdcmpeq
                0x08000a10                __aeabi_cdcmple
                0x08000a20                __aeabi_dcmpeq
                0x08000a34                __aeabi_dcmplt
                0x08000a48                __aeabi_dcmple
                0x08000a5c                __aeabi_dcmpge
                0x08000a70                __aeabi_dcmpgt
 .text          0x08000a84       0x2c c:/program files (x86)/atollic/truestudio for stm32 9.3.0/armtools/bin/../lib/gcc/arm-atollic-eabi/6.3.1/armv7-m\libgcc.a(_arm_unorddf2.o)
                0x08000a84                __unorddf2
                0x08000a84                __aeabi_dcmpun
 .text          0x08000ab0       0x50 c:/program files (x86)/atollic/truestudio for stm32 9.3.0/armtools/bin/../lib/gcc/arm-atollic-eabi/6.3.1/armv7-m\libgcc.a(_arm_fixdfsi.o)
                0x08000ab0                __aeabi_d2iz
                0x08000ab0                __fixdfsi
 .text          0x08000b00       0x40 c:/program files (x86)/atollic/truestudio for stm32 9.3.0/armtools/bin/../lib/gcc/arm-atollic-eabi/6.3.1/armv7-m\libgcc.a(_arm_fixunsdfsi.o)
                0x08000b00                __aeabi_d2uiz
                0x08000b00                __fixunsdfsi
 .text          0x08000b40       0xa0 c:/program files (x86)/atollic/truestudio for stm32 9.3.0/armtools/bin/../lib/gcc/arm-atollic-eabi/6.3.1/armv7-m\libgcc.a(_arm_truncdfsf2.o)
                0x08000b40                __truncdfsf2
                0x08000b40                __aeabi_d2f
 .text          0x08000be0      0x21c c:/program files (x86)/atollic/truestudio for stm32 9.3.0/armtools/bin/../lib/gcc/arm-atollic-eabi/6.3.1/armv7-m\libgcc.a(_arm_addsubsf3.o)
                0x08000be0                __aeabi_frsub
                0x08000be8                __subsf3
                0x08000be8                __aeabi_fsub
                0x08000bec                __aeabi_fadd
                0x08000bec                __addsf3
                0x08000d4c                __aeabi_ui2f
                0x08000d4c                __floatunsisf
                0x08000d54                __aeabi_i2f
                0x08000d54                __floatsisf
                0x08000d70                __aeabi_ul2f
                0x08000d70                __floatundisf
                0x08000d80                __aeabi_l2f
                0x08000d80                __floatdisf
 .text          0x08000dfc      0x2a0 c:/program files (x86)/atollic/truestudio for stm32 9.3.0/armtools/bin/../lib/gcc/arm-atollic-eabi/6.3.1/armv7-m\libgcc.a(_arm_muldivsf3.o)
                0x08000dfc                __mulsf3
                0x08000dfc                __aeabi_fmul
                0x08000f64                __aeabi_fdiv
                0x08000f64                __divsf3
 .text          0x0800109c       0xec c:/program files (x86)/atollic/truestudio for stm32 9.3.0/armtools/bin/../lib/gcc/arm-atollic-eabi/6.3.1/armv7-m\libgcc.a(_arm_cmpsf2.o)
                0x0800109c                __gesf2
                0x0800109c                __gtsf2
                0x080010a4                __lesf2
                0x080010a4                __ltsf2
                0x080010ac                __nesf2
                0x080010ac                __eqsf2
                0x080010ac                __cmpsf2
                0x0800110c                __aeabi_cfrcmple
                0x08001114                __aeabi_cfcmpeq
                0x08001114                __aeabi_cfcmple
                0x08001124                __aeabi_fcmpeq
                0x08001138                __aeabi_fcmplt
                0x0800114c                __aeabi_fcmple
                0x08001160                __aeabi_fcmpge
                0x08001174                __aeabi_fcmpgt
 .text          0x08001188       0x4c c:/program files (x86)/atollic/truestudio for stm32 9.3.0/armtools/bin/../lib/gcc/arm-atollic-eabi/6.3.1/armv7-m\libgcc.a(_arm_fixsfsi.o)
                0x08001188                __aeabi_f2iz
                0x08001188                __fixsfsi
 .text          0x080011d4       0x40 c:/program files (x86)/atollic/truestudio for stm32 9.3.0/armtools/bin/../lib/gcc/arm-atollic-eabi/6.3.1/armv7-m\libgcc.a(_arm_fixunssfsi.o)
                0x080011d4                __fixunssfsi
                0x080011d4                __aeabi_f2uiz
 .text          0x08001214       0x30 c:/program files (x86)/atollic/truestudio for stm32 9.3.0/armtools/bin/../lib/gcc/arm-atollic-eabi/6.3.1/armv7-m\libgcc.a(_aeabi_uldivmod.o)
                0x08001214                __aeabi_uldivmod
 .text          0x08001244      0x2dc c:/program files (x86)/atollic/truestudio for stm32 9.3.0/armtools/bin/../lib/gcc/arm-atollic-eabi/6.3.1/armv7-m\libgcc.a(_udivmoddi4.o)
                0x08001244                __udivmoddi4
 .text          0x08001520        0x4 c:/program files (x86)/atollic/truestudio for stm32 9.3.0/armtools/bin/../lib/gcc/arm-atollic-eabi/6.3.1/armv7-m\libgcc.a(_dvmd_tls.o)
                0x08001520                __aeabi_idiv0
                0x08001520                __aeabi_ldiv0
 *(.text*)
 .text.coolant_stop
                0x08001524        0x2 Core\Src\cnc\coolant.o
                0x08001524                coolant_stop
 .text.coolant_set_state
                0x08001526        0x2 Core\Src\cnc\coolant.o
                0x08001526                coolant_set_state
 .text.coolant_sync
                0x08001528       0x14 Core\Src\cnc\coolant.o
                0x08001528                coolant_sync
 .text.gc_init  0x0800153c       0x2c Core\Src\cnc\gcode.o
                0x0800153c                gc_init
 .text.gc_sync_position
                0x08001568       0x10 Core\Src\cnc\gcode.o
                0x08001568                gc_sync_position
 .text.gc_execute_line
                0x08001578      0xe0c Core\Src\cnc\gcode.o
                0x08001578                gc_execute_line
 .text.ioTask   0x08002384       0x48 Core\Src\cnc\io.o
                0x08002384                ioTask
 .text.ioInit   0x080023cc      0x170 Core\Src\cnc\io.o
                0x080023cc                ioInit
 .text.limits_init
                0x0800253c        0x2 Core\Src\cnc\limits.o
                0x0800253c                limits_init
 .text.limits_disable
                0x0800253e        0x2 Core\Src\cnc\limits.o
                0x0800253e                limits_disable
 .text.limits_go_home
                0x08002540      0x1f0 Core\Src\cnc\limits.o
                0x08002540                limits_go_home
 .text.limits_soft_check
                0x08002730       0x40 Core\Src\cnc\limits.o
                0x08002730                limits_soft_check
 .text.mc_line  0x08002770       0x50 Core\Src\cnc\motion.o
                0x08002770                mc_line
 .text.mc_arc   0x080027c0      0x380 Core\Src\cnc\motion.o
                0x080027c0                mc_arc
 .text.mc_dwell
                0x08002b40       0x24 Core\Src\cnc\motion.o
                0x08002b40                mc_dwell
 .text.mc_homing_cycle
                0x08002b64       0x3c Core\Src\cnc\motion.o
                0x08002b64                mc_homing_cycle
 .text.mc_probe_cycle
                0x08002ba0       0xc8 Core\Src\cnc\motion.o
                0x08002ba0                mc_probe_cycle
 .text.mc_reset
                0x08002c68       0x54 Core\Src\cnc\motion.o
                0x08002c68                mc_reset
 *fill*         0x08002cbc        0x4 
 .text.read_float
                0x08002cc0      0x10c Core\Src\cnc\nuts.o
                0x08002cc0                read_float
 .text.delay_ms
                0x08002dcc        0x2 Core\Src\cnc\nuts.o
                0x08002dcc                delay_ms
 *fill*         0x08002dce        0x2 
 .text.delay_sec
                0x08002dd0       0x40 Core\Src\cnc\nuts.o
                0x08002dd0                delay_sec
 .text.hypot_f  0x08002e10       0x2a Core\Src\cnc\nuts.o
                0x08002e10                hypot_f
 .text.convert_delta_vector_to_unit_vector
                0x08002e3a       0x74 Core\Src\cnc\nuts.o
                0x08002e3a                convert_delta_vector_to_unit_vector
 *fill*         0x08002eae        0x2 
 .text.limit_value_by_axis_maximum
                0x08002eb0       0x48 Core\Src\cnc\nuts.o
                0x08002eb0                limit_value_by_axis_maximum
 .text.planner_recalculate
                0x08002ef8      0x1a4 Core\Src\cnc\planner.o
 .text.plan_reset_buffer
                0x0800309c       0x28 Core\Src\cnc\planner.o
                0x0800309c                plan_reset_buffer
 .text.plan_reset
                0x080030c4       0x18 Core\Src\cnc\planner.o
                0x080030c4                plan_reset
 .text.plan_discard_current_block
                0x080030dc       0x38 Core\Src\cnc\planner.o
                0x080030dc                plan_discard_current_block
 .text.plan_get_system_motion_block
                0x08003114       0x18 Core\Src\cnc\planner.o
                0x08003114                plan_get_system_motion_block
 .text.plan_get_current_block
                0x0800312c       0x24 Core\Src\cnc\planner.o
                0x0800312c                plan_get_current_block
 .text.plan_get_exec_block_exit_speed_sqr
                0x08003150       0x34 Core\Src\cnc\planner.o
                0x08003150                plan_get_exec_block_exit_speed_sqr
 .text.plan_check_full_buffer
                0x08003184       0x18 Core\Src\cnc\planner.o
                0x08003184                plan_check_full_buffer
 *fill*         0x0800319c        0x4 
 .text.plan_compute_profile_nominal_speed
                0x080031a0       0xb8 Core\Src\cnc\planner.o
                0x080031a0                plan_compute_profile_nominal_speed
 .text.plan_update_velocity_profile_parameters
                0x08003258       0x84 Core\Src\cnc\planner.o
                0x08003258                plan_update_velocity_profile_parameters
 *fill*         0x080032dc        0x4 
 .text.plan_buffer_line
                0x080032e0      0x328 Core\Src\cnc\planner.o
                0x080032e0                plan_buffer_line
 .text.plan_sync_position
                0x08003608       0x1c Core\Src\cnc\planner.o
                0x08003608                plan_sync_position
 .text.plan_get_block_buffer_available
                0x08003624       0x24 Core\Src\cnc\planner.o
                0x08003624                plan_get_block_buffer_available
 .text.plan_cycle_reinitialize
                0x08003648       0x20 Core\Src\cnc\planner.o
                0x08003648                plan_cycle_reinitialize
 .text.probe_configure_invert_mask
                0x08003668       0x28 Core\Src\cnc\probe.o
                0x08003668                probe_configure_invert_mask
 .text.probe_init
                0x08003690       0x28 Core\Src\cnc\probe.o
                0x08003690                probe_init
 .text.probe_get_state
                0x080036b8       0x20 Core\Src\cnc\probe.o
                0x080036b8                probe_get_state
 .text.probe_state_monitor
                0x080036d8       0x34 Core\Src\cnc\probe.o
                0x080036d8                probe_state_monitor
 .text.protocol_auto_cycle_start
                0x0800370c       0x14 Core\Src\cnc\protocol.o
                0x0800370c                protocol_auto_cycle_start
 .text.protocol_exec_rt_system
                0x08003720      0x34c Core\Src\cnc\protocol.o
                0x08003720                protocol_exec_rt_system
 .text.protocol_execute_realtime
                0x08003a6c      0x194 Core\Src\cnc\protocol.o
                0x08003a6c                protocol_execute_realtime
 .text.protocol_main_loop
                0x08003c00       0xb4 Core\Src\cnc\protocol.o
                0x08003c00                protocol_main_loop
 .text.protocol_buffer_synchronize
                0x08003cb4       0x24 Core\Src\cnc\protocol.o
                0x08003cb4                protocol_buffer_synchronize
 .text.report   0x08003cd8      0x110 Core\Src\cnc\report.o
                0x08003cd8                report
 .text.report_tls_param
                0x08003de8       0x14 Core\Src\cnc\report.o
                0x08003de8                report_tls_param
 .text.report_status_message
                0x08003dfc        0xe Core\Src\cnc\report.o
                0x08003dfc                report_status_message
 .text.report_alarm_message
                0x08003e0a        0x8 Core\Src\cnc\report.o
                0x08003e0a                report_alarm_message
 .text.report_feedback_message
                0x08003e12        0x8 Core\Src\cnc\report.o
                0x08003e12                report_feedback_message
 .text.report_init_message
                0x08003e1a        0x8 Core\Src\cnc\report.o
                0x08003e1a                report_init_message
 .text.report_grbl_settings
                0x08003e22        0x8 Core\Src\cnc\report.o
                0x08003e22                report_grbl_settings
 *fill*         0x08003e2a        0x2 
 .text.report_probe_parameters
                0x08003e2c       0x14 Core\Src\cnc\report.o
                0x08003e2c                report_probe_parameters
 .text.saveSettings
                0x08003e40        0x2 Core\Src\cnc\settings.o
                0x08003e40                saveSettings
 *fill*         0x08003e42        0x2 
 .text.settings_read_coord_data
                0x08003e44       0x1c Core\Src\cnc\settings.o
                0x08003e44                settings_read_coord_data
 .text.settings_write_coord_data
                0x08003e60       0x24 Core\Src\cnc\settings.o
                0x08003e60                settings_write_coord_data
 .text.settings_restore.part.0
                0x08003e84      0x100 Core\Src\cnc\settings.o
 .text.settings_restore
                0x08003f84        0xa Core\Src\cnc\settings.o
                0x08003f84                settings_restore
 .text.settings_init
                0x08003f8e        0x4 Core\Src\cnc\settings.o
                0x08003f8e                settings_init
 *fill*         0x08003f92        0x2 
 .text.settings_store_global_setting
                0x08003f94      0x27c Core\Src\cnc\settings.o
                0x08003f94                settings_store_global_setting
 .text.storeTlsPosition
                0x08004210       0x20 Core\Src\cnc\settings.o
                0x08004210                storeTlsPosition
 .text.get_step_pin_mask
                0x08004230        0xa Core\Src\cnc\settings.o
                0x08004230                get_step_pin_mask
 .text.spindle_init
                0x0800423a        0x2 Core\Src\cnc\spindle.o
                0x0800423a                spindle_init
 .text.spindle_stop
                0x0800423c        0x2 Core\Src\cnc\spindle.o
                0x0800423c                spindle_stop
 .text.spindle_set_state
                0x0800423e        0x2 Core\Src\cnc\spindle.o
                0x0800423e                spindle_set_state
 .text.spindle_sync
                0x08004240       0x14 Core\Src\cnc\spindle.o
                0x08004240                spindle_sync
 .text.onStepperResetTimer
                0x08004254       0x2c Core\Src\cnc\steppers.o
                0x08004254                onStepperResetTimer
 .text.TIM2_IRQHandler
                0x08004280        0xc Core\Src\cnc\steppers.o
                0x08004280                TIM2_IRQHandler
 .text.TIM3_IRQHandler
                0x0800428c        0xc Core\Src\cnc\steppers.o
                0x0800428c                TIM3_IRQHandler
 .text.stepper_init
                0x08004298      0x130 Core\Src\cnc\steppers.o
                0x08004298                stepper_init
 .text.st_wake_up
                0x080043c8       0x60 Core\Src\cnc\steppers.o
                0x080043c8                st_wake_up
 .text.st_go_idle
                0x08004428       0x1c Core\Src\cnc\steppers.o
                0x08004428                st_go_idle
 .text.onStepperDriverTimer
                0x08004444      0x1dc Core\Src\cnc\steppers.o
                0x08004444                onStepperDriverTimer
 .text.st_update_plan_block_parameters
                0x08004620       0x2c Core\Src\cnc\steppers.o
                0x08004620                st_update_plan_block_parameters
 .text.st_generate_step_dir_invert_masks
                0x0800464c       0x78 Core\Src\cnc\steppers.o
                0x0800464c                st_generate_step_dir_invert_masks
 .text.st_reset
                0x080046c4       0x8c Core\Src\cnc\steppers.o
                0x080046c4                st_reset
 .text.st_prep_buffer
                0x08004750      0x804 Core\Src\cnc\steppers.o
                0x08004750                st_prep_buffer
 .text.st_get_realtime_rate
                0x08004f54       0x1c Core\Src\cnc\steppers.o
                0x08004f54                st_get_realtime_rate
 .text.system_execute_line
                0x08004f70      0x238 Core\Src\cnc\system.o
                0x08004f70                system_execute_line
 .text.system_check_safety_door_ajar
                0x080051a8        0x4 Core\Src\cnc\system.o
                0x080051a8                system_check_safety_door_ajar
 .text.system_set_exec_state_flag
                0x080051ac       0x10 Core\Src\cnc\system.o
                0x080051ac                system_set_exec_state_flag
 .text.system_clear_exec_state_flag
                0x080051bc       0x10 Core\Src\cnc\system.o
                0x080051bc                system_clear_exec_state_flag
 .text.system_set_exec_alarm
                0x080051cc        0xc Core\Src\cnc\system.o
                0x080051cc                system_set_exec_alarm
 .text.system_clear_exec_alarm
                0x080051d8        0xc Core\Src\cnc\system.o
                0x080051d8                system_clear_exec_alarm
 .text.system_set_exec_motion_override_flag
                0x080051e4       0x10 Core\Src\cnc\system.o
                0x080051e4                system_set_exec_motion_override_flag
 .text.system_set_exec_accessory_override_flag
                0x080051f4       0x10 Core\Src\cnc\system.o
                0x080051f4                system_set_exec_accessory_override_flag
 .text.system_clear_exec_motion_overrides
                0x08005204        0xc Core\Src\cnc\system.o
                0x08005204                system_clear_exec_motion_overrides
 .text.system_clear_exec_accessory_overrides
                0x08005210        0xc Core\Src\cnc\system.o
                0x08005210                system_clear_exec_accessory_overrides
 .text.system_flag_wco_change
                0x0800521c        0x4 Core\Src\cnc\system.o
                0x0800521c                system_flag_wco_change
 .text.system_convert_axis_steps_to_mpos
                0x08005220       0x1c Core\Src\cnc\system.o
                0x08005220                system_convert_axis_steps_to_mpos
 .text.system_convert_array_steps_to_mpos
                0x0800523c       0x1c Core\Src\cnc\system.o
                0x0800523c                system_convert_array_steps_to_mpos
 .text.system_convert_array_steps_to_wpos
                0x08005258       0x5c Core\Src\cnc\system.o
                0x08005258                system_convert_array_steps_to_wpos
 .text.system_check_travel_limits
                0x080052b4       0x64 Core\Src\cnc\system.o
                0x080052b4                system_check_travel_limits
 .text.TelnetAccept
                0x08005318       0x94 Core\Src\cnc\tcp.o
 .text.tcp_reset_read_buffer
                0x080053ac       0x14 Core\Src\cnc\tcp.o
                0x080053ac                tcp_reset_read_buffer
 .text.InitializeTelnetServer
                0x080053c0       0x7c Core\Src\cnc\tcp.o
                0x080053c0                InitializeTelnetServer
 .text.TelnetError
                0x0800543c       0x28 Core\Src\cnc\tcp.o
 .text.tcpWrite
                0x08005464       0x30 Core\Src\cnc\tcp.o
                0x08005464                tcpWrite
 .text.TelnetRead
                0x08005494       0x38 Core\Src\cnc\tcp.o
                0x08005494                TelnetRead
 .text.TelnetClose
                0x080054cc       0x54 Core\Src\cnc\tcp.o
                0x080054cc                TelnetClose
 .text.TelnetReceive
                0x08005520      0x1bc Core\Src\cnc\tcp.o
 .text.TelnetPoll
                0x080056dc       0x54 Core\Src\cnc\tcp.o
                0x080056dc                TelnetPoll
 .text.toolCurrentChange
                0x08005730       0x84 Core\Src\cnc\tool.o
                0x08005730                toolCurrentChange
 *fill*         0x080057b4        0x4 
 .text.toolProbeTLS
                0x080057b8      0x170 Core\Src\cnc\tool.o
                0x080057b8                toolProbeTLS
 .text.USART6_IRQHandler
                0x08005928        0x2 Core\Src\cnc\vfd.o
                0x08005928                USART6_IRQHandler
 *fill*         0x0800592a        0x2 
 .text.EE_VerifyPageFullyErased
                0x0800592c       0x24 Core\Src\eeprom.o
 .text.EE_VerifyPageFullWriteVariable
                0x08005950       0x78 Core\Src\eeprom.o
 .text.EE_Format
                0x080059c8       0x60 Core\Src\eeprom.o
 .text.EE_ReadVar
                0x08005a28       0x4c Core\Src\eeprom.o
                0x08005a28                EE_ReadVar
 .text.EE_Init  0x08005a74      0x1a8 Core\Src\eeprom.o
                0x08005a74                EE_Init
 .text.vApplicationGetIdleTaskMemory
                0x08005c1c       0x18 Core\Src\freertos.o
                0x08005c1c                vApplicationGetIdleTaskMemory
 .text.mainTask
                0x08005c34       0x90 Core\Src\main.o
                0x08005c34                mainTask
 .text.uartStr  0x08005cc4       0x1c Core\Src\main.o
                0x08005cc4                uartStr
 .text.ethMonitor
                0x08005ce0       0x18 Core\Src\main.o
                0x08005ce0                ethMonitor
 .text.SystemClock_Config
                0x08005cf8       0x5c Core\Src\main.o
                0x08005cf8                SystemClock_Config
 .text.startup.main
                0x08005d54      0x11c Core\Src\main.o
                0x08005d54                main
 .text.HAL_TIM_PeriodElapsedCallback
                0x08005e70       0x38 Core\Src\main.o
                0x08005e70                HAL_TIM_PeriodElapsedCallback
 .text.HAL_MspInit
                0x08005ea8       0x38 Core\Src\stm32f2xx_hal_msp.o
                0x08005ea8                HAL_MspInit
 .text.HAL_USART_MspInit
                0x08005ee0       0x6c Core\Src\stm32f2xx_hal_msp.o
                0x08005ee0                HAL_USART_MspInit
 .text.HAL_InitTick
                0x08005f4c       0x7c Core\Src\stm32f2xx_hal_timebase_tim.o
                0x08005f4c                HAL_InitTick
 .text.NMI_Handler
                0x08005fc8        0x2 Core\Src\stm32f2xx_it.o
                0x08005fc8                NMI_Handler
 .text.HardFault_Handler
                0x08005fca        0x2 Core\Src\stm32f2xx_it.o
                0x08005fca                HardFault_Handler
 .text.MemManage_Handler
                0x08005fcc        0x2 Core\Src\stm32f2xx_it.o
                0x08005fcc                MemManage_Handler
 .text.BusFault_Handler
                0x08005fce        0x2 Core\Src\stm32f2xx_it.o
                0x08005fce                BusFault_Handler
 .text.UsageFault_Handler
                0x08005fd0        0x2 Core\Src\stm32f2xx_it.o
                0x08005fd0                UsageFault_Handler
 .text.DebugMon_Handler
                0x08005fd2        0x2 Core\Src\stm32f2xx_it.o
                0x08005fd2                DebugMon_Handler
 .text.TIM1_UP_TIM10_IRQHandler
                0x08005fd4        0xc Core\Src\stm32f2xx_it.o
                0x08005fd4                TIM1_UP_TIM10_IRQHandler
 .text.ETH_IRQHandler
                0x08005fe0        0xc Core\Src\stm32f2xx_it.o
                0x08005fe0                ETH_IRQHandler
 .text._read    0x08005fec       0x1c Core\Src\syscalls.o
                0x08005fec                _read
 .text._write   0x08006008       0x1c Core\Src\syscalls.o
                0x08006008                _write
 .text._sbrk    0x08006024       0x34 Core\Src\syscalls.o
                0x08006024                _sbrk
 .text._close   0x08006058        0x6 Core\Src\syscalls.o
                0x08006058                _close
 .text._fstat   0x0800605e        0xa Core\Src\syscalls.o
                0x0800605e                _fstat
 .text._isatty  0x08006068        0x4 Core\Src\syscalls.o
                0x08006068                _isatty
 .text._lseek   0x0800606c        0x4 Core\Src\syscalls.o
                0x0800606c                _lseek
 .text.SystemInit
                0x08006070       0x40 Core\Src\system_stm32f2xx.o
                0x08006070                SystemInit
 .text.HAL_Init
                0x080060b0       0x34 Drivers\STM32F2xx_HAL_Driver\Src\stm32f2xx_hal.o
                0x080060b0                HAL_Init
 .text.HAL_IncTick
                0x080060e4       0x18 Drivers\STM32F2xx_HAL_Driver\Src\stm32f2xx_hal.o
                0x080060e4                HAL_IncTick
 .text.HAL_GetTick
                0x080060fc        0xc Drivers\STM32F2xx_HAL_Driver\Src\stm32f2xx_hal.o
                0x080060fc                HAL_GetTick
 .text.HAL_Delay
                0x08006108       0x28 Drivers\STM32F2xx_HAL_Driver\Src\stm32f2xx_hal.o
                0x08006108                HAL_Delay
 .text.HAL_NVIC_SetPriorityGrouping
                0x08006130       0x24 Drivers\STM32F2xx_HAL_Driver\Src\stm32f2xx_hal_cortex.o
                0x08006130                HAL_NVIC_SetPriorityGrouping
 .text.HAL_NVIC_SetPriority
                0x08006154       0x68 Drivers\STM32F2xx_HAL_Driver\Src\stm32f2xx_hal_cortex.o
                0x08006154                HAL_NVIC_SetPriority
 .text.HAL_NVIC_EnableIRQ
                0x080061bc       0x1c Drivers\STM32F2xx_HAL_Driver\Src\stm32f2xx_hal_cortex.o
                0x080061bc                HAL_NVIC_EnableIRQ
 .text.HAL_NVIC_DisableIRQ
                0x080061d8       0x28 Drivers\STM32F2xx_HAL_Driver\Src\stm32f2xx_hal_cortex.o
                0x080061d8                HAL_NVIC_DisableIRQ
 .text.ETH_Delay.constprop.4
                0x08006200       0x24 Drivers\STM32F2xx_HAL_Driver\Src\stm32f2xx_hal_eth.o
 .text.ETH_FlushTransmitFIFO
                0x08006224       0x28 Drivers\STM32F2xx_HAL_Driver\Src\stm32f2xx_hal_eth.o
 .text.ETH_MACDMAConfig
                0x0800624c       0xf4 Drivers\STM32F2xx_HAL_Driver\Src\stm32f2xx_hal_eth.o
 .text.HAL_ETH_DMATxDescListInit
                0x08006340       0x7a Drivers\STM32F2xx_HAL_Driver\Src\stm32f2xx_hal_eth.o
                0x08006340                HAL_ETH_DMATxDescListInit
 .text.HAL_ETH_DMARxDescListInit
                0x080063ba       0x78 Drivers\STM32F2xx_HAL_Driver\Src\stm32f2xx_hal_eth.o
                0x080063ba                HAL_ETH_DMARxDescListInit
 *fill*         0x08006432        0x2 
 .text.HAL_ETH_TransmitFrame
                0x08006434       0xec Drivers\STM32F2xx_HAL_Driver\Src\stm32f2xx_hal_eth.o
                0x08006434                HAL_ETH_TransmitFrame
 .text.HAL_ETH_GetReceivedFrame_IT
                0x08006520       0x8a Drivers\STM32F2xx_HAL_Driver\Src\stm32f2xx_hal_eth.o
                0x08006520                HAL_ETH_GetReceivedFrame_IT
 .text.HAL_ETH_TxCpltCallback
                0x080065aa        0x2 Drivers\STM32F2xx_HAL_Driver\Src\stm32f2xx_hal_eth.o
                0x080065aa                HAL_ETH_TxCpltCallback
 .text.HAL_ETH_ErrorCallback
                0x080065ac        0x2 Drivers\STM32F2xx_HAL_Driver\Src\stm32f2xx_hal_eth.o
                0x080065ac                HAL_ETH_ErrorCallback
 .text.HAL_ETH_IRQHandler
                0x080065ae       0x70 Drivers\STM32F2xx_HAL_Driver\Src\stm32f2xx_hal_eth.o
                0x080065ae                HAL_ETH_IRQHandler
 .text.HAL_ETH_ReadPHYRegister
                0x0800661e       0x74 Drivers\STM32F2xx_HAL_Driver\Src\stm32f2xx_hal_eth.o
                0x0800661e                HAL_ETH_ReadPHYRegister
 .text.HAL_ETH_WritePHYRegister
                0x08006692       0x6e Drivers\STM32F2xx_HAL_Driver\Src\stm32f2xx_hal_eth.o
                0x08006692                HAL_ETH_WritePHYRegister
 .text.HAL_ETH_Init
                0x08006700      0x1e0 Drivers\STM32F2xx_HAL_Driver\Src\stm32f2xx_hal_eth.o
                0x08006700                HAL_ETH_Init
 .text.HAL_ETH_Start
                0x080068e0       0x78 Drivers\STM32F2xx_HAL_Driver\Src\stm32f2xx_hal_eth.o
                0x080068e0                HAL_ETH_Start
 .text.HAL_ETH_Stop
                0x08006958       0x78 Drivers\STM32F2xx_HAL_Driver\Src\stm32f2xx_hal_eth.o
                0x08006958                HAL_ETH_Stop
 .text.HAL_ETH_ConfigMAC
                0x080069d0      0x118 Drivers\STM32F2xx_HAL_Driver\Src\stm32f2xx_hal_eth.o
                0x080069d0                HAL_ETH_ConfigMAC
 .text.FLASH_Program_DoubleWord
                0x08006ae8       0x2c Drivers\STM32F2xx_HAL_Driver\Src\stm32f2xx_hal_flash.o
 .text.FLASH_Program_Word
                0x08006b14       0x24 Drivers\STM32F2xx_HAL_Driver\Src\stm32f2xx_hal_flash.o
 .text.FLASH_Program_HalfWord
                0x08006b38       0x24 Drivers\STM32F2xx_HAL_Driver\Src\stm32f2xx_hal_flash.o
 .text.FLASH_SetErrorCode
                0x08006b5c       0x74 Drivers\STM32F2xx_HAL_Driver\Src\stm32f2xx_hal_flash.o
 .text.HAL_FLASH_Unlock
                0x08006bd0       0x24 Drivers\STM32F2xx_HAL_Driver\Src\stm32f2xx_hal_flash.o
                0x08006bd0                HAL_FLASH_Unlock
 .text.FLASH_WaitForLastOperation
                0x08006bf4       0x54 Drivers\STM32F2xx_HAL_Driver\Src\stm32f2xx_hal_flash.o
                0x08006bf4                FLASH_WaitForLastOperation
 .text.HAL_FLASH_Program
                0x08006c48       0x90 Drivers\STM32F2xx_HAL_Driver\Src\stm32f2xx_hal_flash.o
                0x08006c48                HAL_FLASH_Program
 .text.FLASH_MassErase.isra.0
                0x08006cd8       0x24 Drivers\STM32F2xx_HAL_Driver\Src\stm32f2xx_hal_flash_ex.o
 .text.FLASH_Erase_Sector
                0x08006cfc       0x54 Drivers\STM32F2xx_HAL_Driver\Src\stm32f2xx_hal_flash_ex.o
                0x08006cfc                FLASH_Erase_Sector
 .text.FLASH_FlushCaches
                0x08006d50       0x58 Drivers\STM32F2xx_HAL_Driver\Src\stm32f2xx_hal_flash_ex.o
                0x08006d50                FLASH_FlushCaches
 .text.HAL_FLASHEx_Erase
                0x08006da8       0x9c Drivers\STM32F2xx_HAL_Driver\Src\stm32f2xx_hal_flash_ex.o
                0x08006da8                HAL_FLASHEx_Erase
 .text.HAL_GPIO_Init
                0x08006e44      0x1cc Drivers\STM32F2xx_HAL_Driver\Src\stm32f2xx_hal_gpio.o
                0x08006e44                HAL_GPIO_Init
 .text.HAL_GPIO_ReadPin
                0x08007010        0xc Drivers\STM32F2xx_HAL_Driver\Src\stm32f2xx_hal_gpio.o
                0x08007010                HAL_GPIO_ReadPin
 .text.HAL_GPIO_WritePin
                0x0800701c        0xa Drivers\STM32F2xx_HAL_Driver\Src\stm32f2xx_hal_gpio.o
                0x0800701c                HAL_GPIO_WritePin
 *fill*         0x08007026        0x2 
 .text.HAL_RCC_OscConfig
                0x08007028      0x344 Drivers\STM32F2xx_HAL_Driver\Src\stm32f2xx_hal_rcc.o
                0x08007028                HAL_RCC_OscConfig
 .text.HAL_RCC_GetSysClockFreq
                0x0800736c       0x5c Drivers\STM32F2xx_HAL_Driver\Src\stm32f2xx_hal_rcc.o
                0x0800736c                HAL_RCC_GetSysClockFreq
 .text.HAL_RCC_ClockConfig
                0x080073c8      0x140 Drivers\STM32F2xx_HAL_Driver\Src\stm32f2xx_hal_rcc.o
                0x080073c8                HAL_RCC_ClockConfig
 .text.HAL_RCC_GetHCLKFreq
                0x08007508        0xc Drivers\STM32F2xx_HAL_Driver\Src\stm32f2xx_hal_rcc.o
                0x08007508                HAL_RCC_GetHCLKFreq
 .text.HAL_RCC_GetPCLK1Freq
                0x08007514       0x30 Drivers\STM32F2xx_HAL_Driver\Src\stm32f2xx_hal_rcc.o
                0x08007514                HAL_RCC_GetPCLK1Freq
 .text.HAL_RCC_GetPCLK2Freq
                0x08007544       0x30 Drivers\STM32F2xx_HAL_Driver\Src\stm32f2xx_hal_rcc.o
                0x08007544                HAL_RCC_GetPCLK2Freq
 .text.HAL_RCC_GetClockConfig
                0x08007574       0x3c Drivers\STM32F2xx_HAL_Driver\Src\stm32f2xx_hal_rcc.o
                0x08007574                HAL_RCC_GetClockConfig
 .text.HAL_TIM_Base_MspInit
                0x080075b0        0x2 Drivers\STM32F2xx_HAL_Driver\Src\stm32f2xx_hal_tim.o
                0x080075b0                HAL_TIM_Base_MspInit
 .text.HAL_TIM_Base_Start
                0x080075b2       0x24 Drivers\STM32F2xx_HAL_Driver\Src\stm32f2xx_hal_tim.o
                0x080075b2                HAL_TIM_Base_Start
 .text.HAL_TIM_Base_Stop
                0x080075d6       0x2e Drivers\STM32F2xx_HAL_Driver\Src\stm32f2xx_hal_tim.o
                0x080075d6                HAL_TIM_Base_Stop
 .text.HAL_TIM_Base_Start_IT
                0x08007604       0x20 Drivers\STM32F2xx_HAL_Driver\Src\stm32f2xx_hal_tim.o
                0x08007604                HAL_TIM_Base_Start_IT
 .text.HAL_TIM_OC_DelayElapsedCallback
                0x08007624        0x2 Drivers\STM32F2xx_HAL_Driver\Src\stm32f2xx_hal_tim.o
                0x08007624                HAL_TIM_OC_DelayElapsedCallback
 .text.HAL_TIM_IC_CaptureCallback
                0x08007626        0x2 Drivers\STM32F2xx_HAL_Driver\Src\stm32f2xx_hal_tim.o
                0x08007626                HAL_TIM_IC_CaptureCallback
 .text.HAL_TIM_PWM_PulseFinishedCallback
                0x08007628        0x2 Drivers\STM32F2xx_HAL_Driver\Src\stm32f2xx_hal_tim.o
                0x08007628                HAL_TIM_PWM_PulseFinishedCallback
 .text.HAL_TIM_TriggerCallback
                0x0800762a        0x2 Drivers\STM32F2xx_HAL_Driver\Src\stm32f2xx_hal_tim.o
                0x0800762a                HAL_TIM_TriggerCallback
 .text.HAL_TIM_IRQHandler
                0x0800762c      0x144 Drivers\STM32F2xx_HAL_Driver\Src\stm32f2xx_hal_tim.o
                0x0800762c                HAL_TIM_IRQHandler
 .text.TIM_Base_SetConfig
                0x08007770       0xcc Drivers\STM32F2xx_HAL_Driver\Src\stm32f2xx_hal_tim.o
                0x08007770                TIM_Base_SetConfig
 .text.HAL_TIM_Base_Init
                0x0800783c       0x34 Drivers\STM32F2xx_HAL_Driver\Src\stm32f2xx_hal_tim.o
                0x0800783c                HAL_TIM_Base_Init
 .text.TIM_ETR_SetConfig
                0x08007870       0x14 Drivers\STM32F2xx_HAL_Driver\Src\stm32f2xx_hal_tim.o
                0x08007870                TIM_ETR_SetConfig
 .text.HAL_TIM_ConfigClockSource
                0x08007884      0x128 Drivers\STM32F2xx_HAL_Driver\Src\stm32f2xx_hal_tim.o
                0x08007884                HAL_TIM_ConfigClockSource
 .text.HAL_TIMEx_MasterConfigSynchronization
                0x080079ac       0x3c Drivers\STM32F2xx_HAL_Driver\Src\stm32f2xx_hal_tim_ex.o
                0x080079ac                HAL_TIMEx_MasterConfigSynchronization
 .text.HAL_TIMEx_CommutCallback
                0x080079e8        0x2 Drivers\STM32F2xx_HAL_Driver\Src\stm32f2xx_hal_tim_ex.o
                0x080079e8                HAL_TIMEx_CommutCallback
 .text.HAL_TIMEx_BreakCallback
                0x080079ea        0x2 Drivers\STM32F2xx_HAL_Driver\Src\stm32f2xx_hal_tim_ex.o
                0x080079ea                HAL_TIMEx_BreakCallback
 .text.USART_WaitOnFlagUntilTimeout.constprop.4
                0x080079ec       0x5c Drivers\STM32F2xx_HAL_Driver\Src\stm32f2xx_hal_usart.o
 .text.HAL_USART_Init
                0x08007a48       0xe4 Drivers\STM32F2xx_HAL_Driver\Src\stm32f2xx_hal_usart.o
                0x08007a48                HAL_USART_Init
 .text.HAL_USART_Transmit
                0x08007b2c       0xb2 Drivers\STM32F2xx_HAL_Driver\Src\stm32f2xx_hal_usart.o
                0x08007b2c                HAL_USART_Transmit
 *fill*         0x08007bde        0x2 
 .text.MX_LWIP_Init
                0x08007be0      0x120 LWIP\App\lwip.o
                0x08007be0                MX_LWIP_Init
 .text.low_level_output
                0x08007d00       0xa0 LWIP\Target\ethernetif.o
 .text.ethernetif_input
                0x08007da0      0x100 LWIP\Target\ethernetif.o
                0x08007da0                ethernetif_input
 .text.HAL_ETH_MspInit
                0x08007ea0       0xfc LWIP\Target\ethernetif.o
                0x08007ea0                HAL_ETH_MspInit
 .text.HAL_ETH_RxCpltCallback
                0x08007f9c        0xc LWIP\Target\ethernetif.o
                0x08007f9c                HAL_ETH_RxCpltCallback
 .text.ethernetif_init
                0x08007fa8      0x15c LWIP\Target\ethernetif.o
                0x08007fa8                ethernetif_init
 .text.sys_now  0x08008104        0x4 LWIP\Target\ethernetif.o
                0x08008104                sys_now
 .text.ethernetif_set_link
                0x08008108       0x48 LWIP\Target\ethernetif.o
                0x08008108                ethernetif_set_link
 .text.ethernetif_notify_conn_changed
                0x08008150        0x2 LWIP\Target\ethernetif.o
                0x08008150                ethernetif_notify_conn_changed
 *fill*         0x08008152        0x2 
 .text.ethernetif_update_config
                0x08008154       0xa8 LWIP\Target\ethernetif.o
                0x08008154                ethernetif_update_config
 .text.osKernelStart
                0x080081fc        0xa Middlewares\Third_Party\FreeRTOS\Source\CMSIS_RTOS\cmsis_os.o
                0x080081fc                osKernelStart
 .text.osKernelSysTick
                0x08008206        0xe Middlewares\Third_Party\FreeRTOS\Source\CMSIS_RTOS\cmsis_os.o
                0x08008206                osKernelSysTick
 .text.osThreadCreate
                0x08008214       0x50 Middlewares\Third_Party\FreeRTOS\Source\CMSIS_RTOS\cmsis_os.o
                0x08008214                osThreadCreate
 .text.osDelay  0x08008264       0x10 Middlewares\Third_Party\FreeRTOS\Source\CMSIS_RTOS\cmsis_os.o
                0x08008264                osDelay
 .text.osMutexCreate
                0x08008274        0xe Middlewares\Third_Party\FreeRTOS\Source\CMSIS_RTOS\cmsis_os.o
                0x08008274                osMutexCreate
 *fill*         0x08008282        0x2 
 .text.osMutexWait
                0x08008284       0x4c Middlewares\Third_Party\FreeRTOS\Source\CMSIS_RTOS\cmsis_os.o
                0x08008284                osMutexWait
 .text.osSemaphoreCreate
                0x080082d0       0x4c Middlewares\Third_Party\FreeRTOS\Source\CMSIS_RTOS\cmsis_os.o
                0x080082d0                osSemaphoreCreate
 .text.osSemaphoreWait
                0x0800831c       0x4c Middlewares\Third_Party\FreeRTOS\Source\CMSIS_RTOS\cmsis_os.o
                0x0800831c                osSemaphoreWait
 .text.osSemaphoreRelease
                0x08008368       0x48 Middlewares\Third_Party\FreeRTOS\Source\CMSIS_RTOS\cmsis_os.o
                0x08008368                osSemaphoreRelease
 .text.osMutexRelease
                0x080083b0        0x4 Middlewares\Third_Party\FreeRTOS\Source\CMSIS_RTOS\cmsis_os.o
                0x080083b0                osMutexRelease
 .text.osMessageCreate
                0x080083b4       0x28 Middlewares\Third_Party\FreeRTOS\Source\CMSIS_RTOS\cmsis_os.o
                0x080083b4                osMessageCreate
 .text.osMessagePut
                0x080083dc       0x50 Middlewares\Third_Party\FreeRTOS\Source\CMSIS_RTOS\cmsis_os.o
                0x080083dc                osMessagePut
 .text.osMessageGet
                0x0800842c       0x74 Middlewares\Third_Party\FreeRTOS\Source\CMSIS_RTOS\cmsis_os.o
                0x0800842c                osMessageGet
 .text.vListInitialise
                0x080084a0       0x16 Middlewares\Third_Party\FreeRTOS\Source\list.o
                0x080084a0                vListInitialise
 .text.vListInitialiseItem
                0x080084b6        0x6 Middlewares\Third_Party\FreeRTOS\Source\list.o
                0x080084b6                vListInitialiseItem
 .text.vListInsertEnd
                0x080084bc       0x18 Middlewares\Third_Party\FreeRTOS\Source\list.o
                0x080084bc                vListInsertEnd
 .text.vListInsert
                0x080084d4       0x2e Middlewares\Third_Party\FreeRTOS\Source\list.o
                0x080084d4                vListInsert
 .text.uxListRemove
                0x08008502       0x22 Middlewares\Third_Party\FreeRTOS\Source\list.o
                0x08008502                uxListRemove
 .text.prvTaskExitError
                0x08008524       0x40 Middlewares\Third_Party\FreeRTOS\Source\portable\GCC\ARM_CM3\port.o
 .text.unlikely.prvPortStartFirstTask
                0x08008564       0x20 Middlewares\Third_Party\FreeRTOS\Source\portable\GCC\ARM_CM3\port.o
 .text.pxPortInitialiseStack
                0x08008584       0x24 Middlewares\Third_Party\FreeRTOS\Source\portable\GCC\ARM_CM3\port.o
                0x08008584                pxPortInitialiseStack
 *fill*         0x080085a8        0x8 
 .text.SVC_Handler
                0x080085b0       0x24 Middlewares\Third_Party\FreeRTOS\Source\portable\GCC\ARM_CM3\port.o
                0x080085b0                SVC_Handler
 .text.vPortEnterCritical
                0x080085d4       0x44 Middlewares\Third_Party\FreeRTOS\Source\portable\GCC\ARM_CM3\port.o
                0x080085d4                vPortEnterCritical
 .text.vPortExitCritical
                0x08008618       0x28 Middlewares\Third_Party\FreeRTOS\Source\portable\GCC\ARM_CM3\port.o
                0x08008618                vPortExitCritical
 .text.PendSV_Handler
                0x08008640       0x44 Middlewares\Third_Party\FreeRTOS\Source\portable\GCC\ARM_CM3\port.o
                0x08008640                PendSV_Handler
 .text.SysTick_Handler
                0x08008684       0x2c Middlewares\Third_Party\FreeRTOS\Source\portable\GCC\ARM_CM3\port.o
                0x08008684                SysTick_Handler
 .text.vPortSetupTimerInterrupt
                0x080086b0       0x34 Middlewares\Third_Party\FreeRTOS\Source\portable\GCC\ARM_CM3\port.o
                0x080086b0                vPortSetupTimerInterrupt
 .text.xPortStartScheduler
                0x080086e4       0xb4 Middlewares\Third_Party\FreeRTOS\Source\portable\GCC\ARM_CM3\port.o
                0x080086e4                xPortStartScheduler
 .text.vPortValidateInterruptPriority
                0x08008798       0x5c Middlewares\Third_Party\FreeRTOS\Source\portable\GCC\ARM_CM3\port.o
                0x08008798                vPortValidateInterruptPriority
 .text.unlikely.prvInsertBlockIntoFreeList
                0x080087f4       0x48 Middlewares\Third_Party\FreeRTOS\Source\portable\MemMang\heap_4.o
 .text.pvPortMalloc
                0x0800883c      0x11c Middlewares\Third_Party\FreeRTOS\Source\portable\MemMang\heap_4.o
                0x0800883c                pvPortMalloc
 .text.vPortFree
                0x08008958       0x70 Middlewares\Third_Party\FreeRTOS\Source\portable\MemMang\heap_4.o
                0x08008958                vPortFree
 .text.prvIsQueueEmpty
                0x080089c8       0x16 Middlewares\Third_Party\FreeRTOS\Source\queue.o
 .text.unlikely.prvCopyDataToQueue
                0x080089de       0x66 Middlewares\Third_Party\FreeRTOS\Source\queue.o
 .text.unlikely.prvCopyDataFromQueue
                0x08008a44       0x28 Middlewares\Third_Party\FreeRTOS\Source\queue.o
 .text.prvUnlockQueue
                0x08008a6c       0x70 Middlewares\Third_Party\FreeRTOS\Source\queue.o
 .text.xQueueGenericReset
                0x08008adc       0x80 Middlewares\Third_Party\FreeRTOS\Source\queue.o
                0x08008adc                xQueueGenericReset
 .text.xQueueGenericCreateStatic
                0x08008b5c       0x92 Middlewares\Third_Party\FreeRTOS\Source\queue.o
                0x08008b5c                xQueueGenericCreateStatic
 .text.xQueueGenericCreate
                0x08008bee       0x48 Middlewares\Third_Party\FreeRTOS\Source\queue.o
                0x08008bee                xQueueGenericCreate
 *fill*         0x08008c36        0x2 
 .text.xQueueGenericSend
                0x08008c38      0x16c Middlewares\Third_Party\FreeRTOS\Source\queue.o
                0x08008c38                xQueueGenericSend
 .text.prvInitialiseMutex
                0x08008da4       0x14 Middlewares\Third_Party\FreeRTOS\Source\queue.o
 .text.xQueueCreateMutex
                0x08008db8       0x16 Middlewares\Third_Party\FreeRTOS\Source\queue.o
                0x08008db8                xQueueCreateMutex
 .text.xQueueCreateMutexStatic
                0x08008dce       0x1c Middlewares\Third_Party\FreeRTOS\Source\queue.o
                0x08008dce                xQueueCreateMutexStatic
 .text.xQueueGenericSendFromISR
                0x08008dea       0xc4 Middlewares\Third_Party\FreeRTOS\Source\queue.o
                0x08008dea                xQueueGenericSendFromISR
 .text.xQueueGiveFromISR
                0x08008eae       0xa8 Middlewares\Third_Party\FreeRTOS\Source\queue.o
                0x08008eae                xQueueGiveFromISR
 *fill*         0x08008f56        0x2 
 .text.xQueueReceive
                0x08008f58      0x148 Middlewares\Third_Party\FreeRTOS\Source\queue.o
                0x08008f58                xQueueReceive
 .text.xQueueSemaphoreTake
                0x080090a0      0x180 Middlewares\Third_Party\FreeRTOS\Source\queue.o
                0x080090a0                xQueueSemaphoreTake
 .text.xQueueReceiveFromISR
                0x08009220       0xa0 Middlewares\Third_Party\FreeRTOS\Source\queue.o
                0x08009220                xQueueReceiveFromISR
 .text.prvAddNewTaskToReadyList
                0x080092c0       0xf8 Middlewares\Third_Party\FreeRTOS\Source\tasks.o
 .text.prvResetNextTaskUnblockTime
                0x080093b8       0x24 Middlewares\Third_Party\FreeRTOS\Source\tasks.o
 .text.prvInitialiseNewTask.isra.2
                0x080093dc       0x82 Middlewares\Third_Party\FreeRTOS\Source\tasks.o
 .text.prvDeleteTCB
                0x0800945e       0x36 Middlewares\Third_Party\FreeRTOS\Source\tasks.o
 .text.prvIdleTask
                0x08009494       0x64 Middlewares\Third_Party\FreeRTOS\Source\tasks.o
 .text.prvAddCurrentTaskToDelayedList
                0x080094f8       0x8c Middlewares\Third_Party\FreeRTOS\Source\tasks.o
 .text.xTaskCreateStatic
                0x08009584       0x6e Middlewares\Third_Party\FreeRTOS\Source\tasks.o
                0x08009584                xTaskCreateStatic
 .text.xTaskCreate
                0x080095f2       0x5a Middlewares\Third_Party\FreeRTOS\Source\tasks.o
                0x080095f2                xTaskCreate
 .text.vTaskStartScheduler
                0x0800964c       0x6c Middlewares\Third_Party\FreeRTOS\Source\tasks.o
                0x0800964c                vTaskStartScheduler
 .text.vTaskSuspendAll
                0x080096b8       0x10 Middlewares\Third_Party\FreeRTOS\Source\tasks.o
                0x080096b8                vTaskSuspendAll
 .text.xTaskGetTickCount
                0x080096c8        0xc Middlewares\Third_Party\FreeRTOS\Source\tasks.o
                0x080096c8                xTaskGetTickCount
 .text.xTaskGetTickCountFromISR
                0x080096d4       0x10 Middlewares\Third_Party\FreeRTOS\Source\tasks.o
                0x080096d4                xTaskGetTickCountFromISR
 .text.xTaskIncrementTick
                0x080096e4      0x124 Middlewares\Third_Party\FreeRTOS\Source\tasks.o
                0x080096e4                xTaskIncrementTick
 .text.xTaskResumeAll
                0x08009808       0xf0 Middlewares\Third_Party\FreeRTOS\Source\tasks.o
                0x08009808                xTaskResumeAll
 .text.vTaskDelay
                0x080098f8       0x48 Middlewares\Third_Party\FreeRTOS\Source\tasks.o
                0x080098f8                vTaskDelay
 .text.vTaskSwitchContext
                0x08009940       0x74 Middlewares\Third_Party\FreeRTOS\Source\tasks.o
                0x08009940                vTaskSwitchContext
 .text.vTaskPlaceOnEventList
                0x080099b4       0x34 Middlewares\Third_Party\FreeRTOS\Source\tasks.o
                0x080099b4                vTaskPlaceOnEventList
 .text.xTaskRemoveFromEventList
                0x080099e8       0x84 Middlewares\Third_Party\FreeRTOS\Source\tasks.o
                0x080099e8                xTaskRemoveFromEventList
 .text.vTaskInternalSetTimeOutState
                0x08009a6c       0x18 Middlewares\Third_Party\FreeRTOS\Source\tasks.o
                0x08009a6c                vTaskInternalSetTimeOutState
 .text.xTaskCheckForTimeOut
                0x08009a84       0x78 Middlewares\Third_Party\FreeRTOS\Source\tasks.o
                0x08009a84                xTaskCheckForTimeOut
 .text.vTaskMissedYield
                0x08009afc        0xc Middlewares\Third_Party\FreeRTOS\Source\tasks.o
                0x08009afc                vTaskMissedYield
 .text.xTaskGetSchedulerState
                0x08009b08       0x20 Middlewares\Third_Party\FreeRTOS\Source\tasks.o
                0x08009b08                xTaskGetSchedulerState
 .text.xTaskPriorityInherit
                0x08009b28       0xa8 Middlewares\Third_Party\FreeRTOS\Source\tasks.o
                0x08009b28                xTaskPriorityInherit
 .text.xTaskPriorityDisinherit
                0x08009bd0       0xa0 Middlewares\Third_Party\FreeRTOS\Source\tasks.o
                0x08009bd0                xTaskPriorityDisinherit
 .text.vTaskPriorityDisinheritAfterTimeout
                0x08009c70       0xb0 Middlewares\Third_Party\FreeRTOS\Source\tasks.o
                0x08009c70                vTaskPriorityDisinheritAfterTimeout
 .text.pvTaskIncrementMutexHeldCount
                0x08009d20       0x18 Middlewares\Third_Party\FreeRTOS\Source\tasks.o
                0x08009d20                pvTaskIncrementMutexHeldCount
 .text.tcpip_thread
                0x08009d38       0x94 Middlewares\Third_Party\LwIP\src\api\tcpip.o
 .text.tcpip_inpkt
                0x08009dcc       0x58 Middlewares\Third_Party\LwIP\src\api\tcpip.o
                0x08009dcc                tcpip_inpkt
 .text.tcpip_input
                0x08009e24       0x1c Middlewares\Third_Party\LwIP\src\api\tcpip.o
                0x08009e24                tcpip_input
 .text.tcpip_callback_with_block
                0x08009e40       0x60 Middlewares\Third_Party\LwIP\src\api\tcpip.o
                0x08009e40                tcpip_callback_with_block
 .text.tcpip_init
                0x08009ea0       0x80 Middlewares\Third_Party\LwIP\src\api\tcpip.o
                0x08009ea0                tcpip_init
 .text.lwip_htons
                0x08009f20        0x6 Middlewares\Third_Party\LwIP\src\core\def.o
                0x08009f20                lwip_htons
 .text.lwip_htonl
                0x08009f26        0x4 Middlewares\Third_Party\LwIP\src\core\def.o
                0x08009f26                lwip_htonl
 .text.lwip_init
                0x08009f2a       0x22 Middlewares\Third_Party\LwIP\src\core\init.o
                0x08009f2a                lwip_init
 .text.etharp_free_entry
                0x08009f4c       0x28 Middlewares\Third_Party\LwIP\src\core\ipv4\etharp.o
 .text.etharp_raw
                0x08009f74       0xd8 Middlewares\Third_Party\LwIP\src\core\ipv4\etharp.o
 .text.etharp_find_entry.isra.0
                0x0800a04c      0x114 Middlewares\Third_Party\LwIP\src\core\ipv4\etharp.o
 .text.etharp_cleanup_netif
                0x0800a160       0x28 Middlewares\Third_Party\LwIP\src\core\ipv4\etharp.o
                0x0800a160                etharp_cleanup_netif
 .text.etharp_input
                0x0800a188      0x12c Middlewares\Third_Party\LwIP\src\core\ipv4\etharp.o
                0x0800a188                etharp_input
 .text.etharp_request
                0x0800a2b4       0x2c Middlewares\Third_Party\LwIP\src\core\ipv4\etharp.o
                0x0800a2b4                etharp_request
 .text.etharp_tmr
                0x0800a2e0       0x54 Middlewares\Third_Party\LwIP\src\core\ipv4\etharp.o
                0x0800a2e0                etharp_tmr
 .text.etharp_output_to_arp_index
                0x0800a334       0xac Middlewares\Third_Party\LwIP\src\core\ipv4\etharp.o
 .text.etharp_query
                0x0800a3e0      0x148 Middlewares\Third_Party\LwIP\src\core\ipv4\etharp.o
                0x0800a3e0                etharp_query
 .text.etharp_output
                0x0800a528      0x128 Middlewares\Third_Party\LwIP\src\core\ipv4\etharp.o
                0x0800a528                etharp_output
 .text.icmp_send_response.isra.0
                0x0800a650       0x94 Middlewares\Third_Party\LwIP\src\core\ipv4\icmp.o
 .text.icmp_input
                0x0800a6e4      0x130 Middlewares\Third_Party\LwIP\src\core\ipv4\icmp.o
                0x0800a6e4                icmp_input
 .text.icmp_dest_unreach
                0x0800a814        0xa Middlewares\Third_Party\LwIP\src\core\ipv4\icmp.o
                0x0800a814                icmp_dest_unreach
 .text.icmp_time_exceeded
                0x0800a81e        0xa Middlewares\Third_Party\LwIP\src\core\ipv4\icmp.o
                0x0800a81e                icmp_time_exceeded
 .text.ip4_route
                0x0800a828       0x58 Middlewares\Third_Party\LwIP\src\core\ipv4\ip4.o
                0x0800a828                ip4_route
 .text.ip4_input
                0x0800a880      0x184 Middlewares\Third_Party\LwIP\src\core\ipv4\ip4.o
                0x0800a880                ip4_input
 .text.ip4_output_if_src
                0x0800aa04       0xf0 Middlewares\Third_Party\LwIP\src\core\ipv4\ip4.o
                0x0800aa04                ip4_output_if_src
 .text.ip4_output_if
                0x0800aaf4       0x22 Middlewares\Third_Party\LwIP\src\core\ipv4\ip4.o
                0x0800aaf4                ip4_output_if
 .text.ip4_addr_isbroadcast_u32
                0x0800ab16       0x32 Middlewares\Third_Party\LwIP\src\core\ipv4\ip4_addr.o
                0x0800ab16                ip4_addr_isbroadcast_u32
 .text.ip_reass_dequeue_datagram
                0x0800ab48       0x44 Middlewares\Third_Party\LwIP\src\core\ipv4\ip4_frag.o
 .text.ip_reass_free_complete_datagram
                0x0800ab8c       0xe8 Middlewares\Third_Party\LwIP\src\core\ipv4\ip4_frag.o
 .text.ip_reass_remove_oldest_datagram
                0x0800ac74       0x78 Middlewares\Third_Party\LwIP\src\core\ipv4\ip4_frag.o
 .text.ip_frag_free_pbuf_custom_ref
                0x0800acec       0x2c Middlewares\Third_Party\LwIP\src\core\ipv4\ip4_frag.o
 .text.ipfrag_free_pbuf_custom
                0x0800ad18       0x34 Middlewares\Third_Party\LwIP\src\core\ipv4\ip4_frag.o
 .text.ip_reass_tmr
                0x0800ad4c       0x28 Middlewares\Third_Party\LwIP\src\core\ipv4\ip4_frag.o
                0x0800ad4c                ip_reass_tmr
 .text.ip4_reass
                0x0800ad74      0x354 Middlewares\Third_Party\LwIP\src\core\ipv4\ip4_frag.o
                0x0800ad74                ip4_reass
 .text.ip4_frag
                0x0800b0c8      0x1b4 Middlewares\Third_Party\LwIP\src\core\ipv4\ip4_frag.o
                0x0800b0c8                ip4_frag
 .text.mem_init
                0x0800b27c       0x6c Middlewares\Third_Party\LwIP\src\core\mem.o
                0x0800b27c                mem_init
 .text.mem_free
                0x0800b2e8      0x170 Middlewares\Third_Party\LwIP\src\core\mem.o
                0x0800b2e8                mem_free
 .text.mem_trim
                0x0800b458      0x118 Middlewares\Third_Party\LwIP\src\core\mem.o
                0x0800b458                mem_trim
 .text.mem_malloc
                0x0800b570      0x13c Middlewares\Third_Party\LwIP\src\core\mem.o
                0x0800b570                mem_malloc
 .text.do_memp_malloc_pool.isra.0
                0x0800b6ac       0x3c Middlewares\Third_Party\LwIP\src\core\memp.o
 .text.do_memp_free_pool.isra.1
                0x0800b6e8       0x38 Middlewares\Third_Party\LwIP\src\core\memp.o
 .text.memp_init_pool
                0x0800b720       0x26 Middlewares\Third_Party\LwIP\src\core\memp.o
                0x0800b720                memp_init_pool
 *fill*         0x0800b746        0x2 
 .text.memp_init
                0x0800b748       0x1c Middlewares\Third_Party\LwIP\src\core\memp.o
                0x0800b748                memp_init
 .text.memp_malloc
                0x0800b764       0x38 Middlewares\Third_Party\LwIP\src\core\memp.o
                0x0800b764                memp_malloc
 .text.memp_free
                0x0800b79c       0x34 Middlewares\Third_Party\LwIP\src\core\memp.o
                0x0800b79c                memp_free
 .text.netif_issue_reports.part.0
                0x0800b7d0       0x12 Middlewares\Third_Party\LwIP\src\core\netif.o
 .text.netif_init
                0x0800b7e2        0x2 Middlewares\Third_Party\LwIP\src\core\netif.o
                0x0800b7e2                netif_init
 .text.netif_set_ipaddr
                0x0800b7e4       0x4c Middlewares\Third_Party\LwIP\src\core\netif.o
                0x0800b7e4                netif_set_ipaddr
 .text.netif_set_addr
                0x0800b830       0x38 Middlewares\Third_Party\LwIP\src\core\netif.o
                0x0800b830                netif_set_addr
 .text.netif_add
                0x0800b868       0x80 Middlewares\Third_Party\LwIP\src\core\netif.o
                0x0800b868                netif_add
 .text.netif_set_default
                0x0800b8e8        0xc Middlewares\Third_Party\LwIP\src\core\netif.o
                0x0800b8e8                netif_set_default
 .text.netif_set_up
                0x0800b8f4       0x32 Middlewares\Third_Party\LwIP\src\core\netif.o
                0x0800b8f4                netif_set_up
 .text.netif_set_down
                0x0800b926       0x2a Middlewares\Third_Party\LwIP\src\core\netif.o
                0x0800b926                netif_set_down
 .text.netif_set_link_up
                0x0800b950       0x2e Middlewares\Third_Party\LwIP\src\core\netif.o
                0x0800b950                netif_set_link_up
 .text.netif_set_link_down
                0x0800b97e       0x18 Middlewares\Third_Party\LwIP\src\core\netif.o
                0x0800b97e                netif_set_link_down
 .text.netif_set_link_callback
                0x0800b996        0x6 Middlewares\Third_Party\LwIP\src\core\netif.o
                0x0800b996                netif_set_link_callback
 .text.pbuf_free_ooseq_callback
                0x0800b99c       0x34 Middlewares\Third_Party\LwIP\src\core\pbuf.o
 .text.pbuf_header_impl
                0x0800b9d0       0x9c Middlewares\Third_Party\LwIP\src\core\pbuf.o
 .text.pbuf_pool_is_empty
                0x0800ba6c       0x3c Middlewares\Third_Party\LwIP\src\core\pbuf.o
 .text.pbuf_alloced_custom
                0x0800baa8       0x70 Middlewares\Third_Party\LwIP\src\core\pbuf.o
                0x0800baa8                pbuf_alloced_custom
 .text.pbuf_header
                0x0800bb18        0x6 Middlewares\Third_Party\LwIP\src\core\pbuf.o
                0x0800bb18                pbuf_header
 .text.pbuf_header_force
                0x0800bb1e        0x6 Middlewares\Third_Party\LwIP\src\core\pbuf.o
                0x0800bb1e                pbuf_header_force
 .text.pbuf_free
                0x0800bb24       0xd4 Middlewares\Third_Party\LwIP\src\core\pbuf.o
                0x0800bb24                pbuf_free
 .text.pbuf_alloc
                0x0800bbf8      0x1b8 Middlewares\Third_Party\LwIP\src\core\pbuf.o
                0x0800bbf8                pbuf_alloc
 .text.pbuf_realloc
                0x0800bdb0       0xe0 Middlewares\Third_Party\LwIP\src\core\pbuf.o
                0x0800bdb0                pbuf_realloc
 .text.pbuf_clen
                0x0800be90       0x10 Middlewares\Third_Party\LwIP\src\core\pbuf.o
                0x0800be90                pbuf_clen
 .text.pbuf_ref
                0x0800bea0       0x38 Middlewares\Third_Party\LwIP\src\core\pbuf.o
                0x0800bea0                pbuf_ref
 .text.pbuf_cat
                0x0800bed8       0x74 Middlewares\Third_Party\LwIP\src\core\pbuf.o
                0x0800bed8                pbuf_cat
 .text.pbuf_copy
                0x0800bf4c      0x114 Middlewares\Third_Party\LwIP\src\core\pbuf.o
                0x0800bf4c                pbuf_copy
 .text.pbuf_copy_partial
                0x0800c060       0x8c Middlewares\Third_Party\LwIP\src\core\pbuf.o
                0x0800c060                pbuf_copy_partial
 .text.tcp_new_port
                0x0800c0ec       0x54 Middlewares\Third_Party\LwIP\src\core\tcp.o
 .text.tcp_close_shutdown_fin
                0x0800c140       0x60 Middlewares\Third_Party\LwIP\src\core\tcp.o
 .text.tcp_init
                0x0800c1a0        0x2 Middlewares\Third_Party\LwIP\src\core\tcp.o
                0x0800c1a0                tcp_init
 *fill*         0x0800c1a2        0x2 
 .text.tcp_bind
                0x0800c1a4       0x94 Middlewares\Third_Party\LwIP\src\core\tcp.o
                0x0800c1a4                tcp_bind
 .text.tcp_listen_with_backlog_and_err
                0x0800c238       0xb0 Middlewares\Third_Party\LwIP\src\core\tcp.o
                0x0800c238                tcp_listen_with_backlog_and_err
 .text.tcp_listen_with_backlog
                0x0800c2e8        0x6 Middlewares\Third_Party\LwIP\src\core\tcp.o
                0x0800c2e8                tcp_listen_with_backlog
 *fill*         0x0800c2ee        0x2 
 .text.tcp_update_rcv_ann_wnd
                0x0800c2f0       0x58 Middlewares\Third_Party\LwIP\src\core\tcp.o
                0x0800c2f0                tcp_update_rcv_ann_wnd
 .text.tcp_recved
                0x0800c348       0x7c Middlewares\Third_Party\LwIP\src\core\tcp.o
                0x0800c348                tcp_recved
 .text.tcp_seg_free
                0x0800c3c4       0x1c Middlewares\Third_Party\LwIP\src\core\tcp.o
                0x0800c3c4                tcp_seg_free
 .text.tcp_segs_free
                0x0800c3e0       0x10 Middlewares\Third_Party\LwIP\src\core\tcp.o
                0x0800c3e0                tcp_segs_free
 .text.tcp_setprio
                0x0800c3f0        0x4 Middlewares\Third_Party\LwIP\src\core\tcp.o
                0x0800c3f0                tcp_setprio
 .text.tcp_seg_copy
                0x0800c3f4       0x2c Middlewares\Third_Party\LwIP\src\core\tcp.o
                0x0800c3f4                tcp_seg_copy
 .text.tcp_arg  0x0800c420        0x6 Middlewares\Third_Party\LwIP\src\core\tcp.o
                0x0800c420                tcp_arg
 *fill*         0x0800c426        0x2 
 .text.tcp_recv
                0x0800c428       0x30 Middlewares\Third_Party\LwIP\src\core\tcp.o
                0x0800c428                tcp_recv
 .text.tcp_sent
                0x0800c458       0x2c Middlewares\Third_Party\LwIP\src\core\tcp.o
                0x0800c458                tcp_sent
 .text.tcp_err  0x0800c484       0x30 Middlewares\Third_Party\LwIP\src\core\tcp.o
                0x0800c484                tcp_err
 .text.tcp_accept
                0x0800c4b4        0xc Middlewares\Third_Party\LwIP\src\core\tcp.o
                0x0800c4b4                tcp_accept
 .text.tcp_poll
                0x0800c4c0       0x30 Middlewares\Third_Party\LwIP\src\core\tcp.o
                0x0800c4c0                tcp_poll
 .text.tcp_pcb_purge
                0x0800c4f0       0x40 Middlewares\Third_Party\LwIP\src\core\tcp.o
                0x0800c4f0                tcp_pcb_purge
 .text.tcp_slowtmr
                0x0800c530      0x3c4 Middlewares\Third_Party\LwIP\src\core\tcp.o
                0x0800c530                tcp_slowtmr
 .text.tcp_pcb_remove
                0x0800c8f4       0xa0 Middlewares\Third_Party\LwIP\src\core\tcp.o
                0x0800c8f4                tcp_pcb_remove
 .text.tcp_close_shutdown
                0x0800c994      0x14c Middlewares\Third_Party\LwIP\src\core\tcp.o
 .text.tcp_close
                0x0800cae0       0x14 Middlewares\Third_Party\LwIP\src\core\tcp.o
                0x0800cae0                tcp_close
 .text.tcp_recv_null
                0x0800caf4       0x24 Middlewares\Third_Party\LwIP\src\core\tcp.o
                0x0800caf4                tcp_recv_null
 .text.tcp_process_refused_data
                0x0800cb18       0x66 Middlewares\Third_Party\LwIP\src\core\tcp.o
                0x0800cb18                tcp_process_refused_data
 *fill*         0x0800cb7e        0x2 
 .text.tcp_fasttmr
                0x0800cb80       0x80 Middlewares\Third_Party\LwIP\src\core\tcp.o
                0x0800cb80                tcp_fasttmr
 .text.tcp_tmr  0x0800cc00       0x24 Middlewares\Third_Party\LwIP\src\core\tcp.o
                0x0800cc00                tcp_tmr
 .text.tcp_abandon
                0x0800cc24       0xec Middlewares\Third_Party\LwIP\src\core\tcp.o
                0x0800cc24                tcp_abandon
 .text.tcp_abort
                0x0800cd10        0x6 Middlewares\Third_Party\LwIP\src\core\tcp.o
                0x0800cd10                tcp_abort
 .text.tcp_accept_null
                0x0800cd16        0xe Middlewares\Third_Party\LwIP\src\core\tcp.o
 .text.tcp_netif_ip_addr_changed_pcblist
                0x0800cd24       0x1c Middlewares\Third_Party\LwIP\src\core\tcp.o
 .text.tcp_kill_state
                0x0800cd40       0x60 Middlewares\Third_Party\LwIP\src\core\tcp.o
 .text.tcp_alloc
                0x0800cda0      0x110 Middlewares\Third_Party\LwIP\src\core\tcp.o
                0x0800cda0                tcp_alloc
 .text.tcp_new  0x0800ceb0        0x6 Middlewares\Third_Party\LwIP\src\core\tcp.o
                0x0800ceb0                tcp_new
 *fill*         0x0800ceb6        0x2 
 .text.tcp_next_iss
                0x0800ceb8       0x18 Middlewares\Third_Party\LwIP\src\core\tcp.o
                0x0800ceb8                tcp_next_iss
 .text.tcp_eff_send_mss_impl
                0x0800ced0       0x1e Middlewares\Third_Party\LwIP\src\core\tcp.o
                0x0800ced0                tcp_eff_send_mss_impl
 *fill*         0x0800ceee        0x2 
 .text.tcp_netif_ip_addr_changed
                0x0800cef0       0x4c Middlewares\Third_Party\LwIP\src\core\tcp.o
                0x0800cef0                tcp_netif_ip_addr_changed
 .text.tcp_oos_insert_segment
                0x0800cf3c       0x7c Middlewares\Third_Party\LwIP\src\core\tcp_in.o
 .text.tcp_receive
                0x0800cfb8      0x9a0 Middlewares\Third_Party\LwIP\src\core\tcp_in.o
 .text.tcp_getoptbyte
                0x0800d958       0x40 Middlewares\Third_Party\LwIP\src\core\tcp_in.o
 .text.tcp_parseopt.isra.1.part.2
                0x0800d998       0x70 Middlewares\Third_Party\LwIP\src\core\tcp_in.o
 .text.tcp_input_delayed_close
                0x0800da08       0x40 Middlewares\Third_Party\LwIP\src\core\tcp_in.o
 .text.tcp_input
                0x0800da48      0x9fc Middlewares\Third_Party\LwIP\src\core\tcp_in.o
                0x0800da48                tcp_input
 .text.tcp_trigger_input_pcb_close
                0x0800e444       0x10 Middlewares\Third_Party\LwIP\src\core\tcp_in.o
                0x0800e444                tcp_trigger_input_pcb_close
 .text.tcp_pbuf_prealloc
                0x0800e454       0x74 Middlewares\Third_Party\LwIP\src\core\tcp_out.o
 .text.tcp_create_segment
                0x0800e4c8       0xd0 Middlewares\Third_Party\LwIP\src\core\tcp_out.o
 .text.tcp_output_alloc_header.constprop.0
                0x0800e598       0x78 Middlewares\Third_Party\LwIP\src\core\tcp_out.o
 .text.tcp_write
                0x0800e610      0x52c Middlewares\Third_Party\LwIP\src\core\tcp_out.o
                0x0800e610                tcp_write
 .text.tcp_enqueue_flags
                0x0800eb3c      0x130 Middlewares\Third_Party\LwIP\src\core\tcp_out.o
                0x0800eb3c                tcp_enqueue_flags
 .text.tcp_send_fin
                0x0800ec6c       0x44 Middlewares\Third_Party\LwIP\src\core\tcp_out.o
                0x0800ec6c                tcp_send_fin
 .text.tcp_send_empty_ack
                0x0800ecb0       0x6a Middlewares\Third_Party\LwIP\src\core\tcp_out.o
                0x0800ecb0                tcp_send_empty_ack
 *fill*         0x0800ed1a        0x2 
 .text.tcp_output
                0x0800ed1c      0x2fc Middlewares\Third_Party\LwIP\src\core\tcp_out.o
                0x0800ed1c                tcp_output
 .text.tcp_rst  0x0800f018       0xb4 Middlewares\Third_Party\LwIP\src\core\tcp_out.o
                0x0800f018                tcp_rst
 .text.tcp_rexmit_rto
                0x0800f0cc       0x34 Middlewares\Third_Party\LwIP\src\core\tcp_out.o
                0x0800f0cc                tcp_rexmit_rto
 .text.tcp_rexmit
                0x0800f100       0x52 Middlewares\Third_Party\LwIP\src\core\tcp_out.o
                0x0800f100                tcp_rexmit
 .text.tcp_rexmit_fast
                0x0800f152       0x4e Middlewares\Third_Party\LwIP\src\core\tcp_out.o
                0x0800f152                tcp_rexmit_fast
 .text.tcp_keepalive
                0x0800f1a0       0x54 Middlewares\Third_Party\LwIP\src\core\tcp_out.o
                0x0800f1a0                tcp_keepalive
 .text.tcp_zero_window_probe
                0x0800f1f4       0xbe Middlewares\Third_Party\LwIP\src\core\tcp_out.o
                0x0800f1f4                tcp_zero_window_probe
 *fill*         0x0800f2b2        0x2 
 .text.sys_timeout
                0x0800f2b4       0xa4 Middlewares\Third_Party\LwIP\src\core\timeouts.o
                0x0800f2b4                sys_timeout
 .text.tcp_timer_needed
                0x0800f358       0x34 Middlewares\Third_Party\LwIP\src\core\timeouts.o
                0x0800f358                tcp_timer_needed
 .text.tcpip_tcp_timer
                0x0800f38c       0x38 Middlewares\Third_Party\LwIP\src\core\timeouts.o
 .text.sys_timeouts_init
                0x0800f3c4       0x38 Middlewares\Third_Party\LwIP\src\core\timeouts.o
                0x0800f3c4                sys_timeouts_init
 .text.cyclic_timer
                0x0800f3fc       0x1c Middlewares\Third_Party\LwIP\src\core\timeouts.o
 .text.sys_timeouts_mbox_fetch
                0x0800f418       0xa4 Middlewares\Third_Party\LwIP\src\core\timeouts.o
                0x0800f418                sys_timeouts_mbox_fetch
 .text.udp_init
                0x0800f4bc        0x2 Middlewares\Third_Party\LwIP\src\core\udp.o
                0x0800f4bc                udp_init
 *fill*         0x0800f4be        0x2 
 .text.udp_input
                0x0800f4c0      0x130 Middlewares\Third_Party\LwIP\src\core\udp.o
                0x0800f4c0                udp_input
 .text.udp_netif_ip_addr_changed
                0x0800f5f0       0x2c Middlewares\Third_Party\LwIP\src\core\udp.o
                0x0800f5f0                udp_netif_ip_addr_changed
 .text.ethernet_input
                0x0800f61c       0x98 Middlewares\Third_Party\LwIP\src\netif\ethernet.o
                0x0800f61c                ethernet_input
 .text.ethernet_output
                0x0800f6b4       0x70 Middlewares\Third_Party\LwIP\src\netif\ethernet.o
                0x0800f6b4                ethernet_output
 .text.sys_mbox_new
                0x0800f724       0x24 Middlewares\Third_Party\LwIP\system\OS\sys_arch.o
                0x0800f724                sys_mbox_new
 .text.sys_mbox_post
                0x0800f748       0x18 Middlewares\Third_Party\LwIP\system\OS\sys_arch.o
                0x0800f748                sys_mbox_post
 .text.sys_mbox_trypost
                0x0800f760       0x14 Middlewares\Third_Party\LwIP\system\OS\sys_arch.o
                0x0800f760                sys_mbox_trypost
 .text.sys_arch_mbox_fetch
                0x0800f774       0x44 Middlewares\Third_Party\LwIP\system\OS\sys_arch.o
                0x0800f774                sys_arch_mbox_fetch
 .text.sys_mbox_valid
                0x0800f7b8        0xa Middlewares\Third_Party\LwIP\system\OS\sys_arch.o
                0x0800f7b8                sys_mbox_valid
 *fill*         0x0800f7c2        0x2 
 .text.sys_init
                0x0800f7c4       0x18 Middlewares\Third_Party\LwIP\system\OS\sys_arch.o
                0x0800f7c4                sys_init
 .text.sys_mutex_new
                0x0800f7dc       0x1e Middlewares\Third_Party\LwIP\system\OS\sys_arch.o
                0x0800f7dc                sys_mutex_new
 .text.sys_mutex_lock
                0x0800f7fa        0xa Middlewares\Third_Party\LwIP\system\OS\sys_arch.o
                0x0800f7fa                sys_mutex_lock
 .text.sys_mutex_unlock
                0x0800f804        0x6 Middlewares\Third_Party\LwIP\system\OS\sys_arch.o
                0x0800f804                sys_mutex_unlock
 .text.sys_thread_new
                0x0800f80a       0x2e Middlewares\Third_Party\LwIP\system\OS\sys_arch.o
                0x0800f80a                sys_thread_new
 .text.sys_arch_protect
                0x0800f838       0x18 Middlewares\Third_Party\LwIP\system\OS\sys_arch.o
                0x0800f838                sys_arch_protect
 .text.sys_arch_unprotect
                0x0800f850        0xc Middlewares\Third_Party\LwIP\system\OS\sys_arch.o
                0x0800f850                sys_arch_unprotect
 .text.Reset_Handler
                0x0800f85c       0x50 startup\startup_stm32f207xx.o
                0x0800f85c                Reset_Handler
 .text.Default_Handler
                0x0800f8ac        0x2 startup\startup_stm32f207xx.o
                0x0800f8ac                RTC_Alarm_IRQHandler
                0x0800f8ac                HASH_RNG_IRQHandler
                0x0800f8ac                EXTI2_IRQHandler
                0x0800f8ac                TIM8_CC_IRQHandler
                0x0800f8ac                TIM1_CC_IRQHandler
                0x0800f8ac                DMA2_Stream5_IRQHandler
                0x0800f8ac                DMA1_Stream5_IRQHandler
                0x0800f8ac                PVD_IRQHandler
                0x0800f8ac                SDIO_IRQHandler
                0x0800f8ac                TAMP_STAMP_IRQHandler
                0x0800f8ac                CAN2_RX1_IRQHandler
                0x0800f8ac                EXTI3_IRQHandler
                0x0800f8ac                TIM8_TRG_COM_TIM14_IRQHandler
                0x0800f8ac                TIM8_UP_TIM13_IRQHandler
                0x0800f8ac                I2C3_ER_IRQHandler
                0x0800f8ac                EXTI0_IRQHandler
                0x0800f8ac                I2C2_EV_IRQHandler
                0x0800f8ac                DMA1_Stream2_IRQHandler
                0x0800f8ac                CAN1_RX0_IRQHandler
                0x0800f8ac                OTG_HS_WKUP_IRQHandler
                0x0800f8ac                CAN2_SCE_IRQHandler
                0x0800f8ac                DMA2_Stream2_IRQHandler
                0x0800f8ac                SPI1_IRQHandler
                0x0800f8ac                TIM6_DAC_IRQHandler
                0x0800f8ac                TIM1_BRK_TIM9_IRQHandler
                0x0800f8ac                DCMI_IRQHandler
                0x0800f8ac                CAN2_RX0_IRQHandler
                0x0800f8ac                DMA2_Stream3_IRQHandler
                0x0800f8ac                USART3_IRQHandler
                0x0800f8ac                CAN1_RX1_IRQHandler
                0x0800f8ac                UART5_IRQHandler
                0x0800f8ac                DMA2_Stream0_IRQHandler
                0x0800f8ac                TIM4_IRQHandler
                0x0800f8ac                I2C1_EV_IRQHandler
                0x0800f8ac                DMA1_Stream6_IRQHandler
                0x0800f8ac                DMA1_Stream1_IRQHandler
                0x0800f8ac                UART4_IRQHandler
                0x0800f8ac                RCC_IRQHandler
                0x0800f8ac                TIM8_BRK_TIM12_IRQHandler
                0x0800f8ac                Default_Handler
                0x0800f8ac                EXTI15_10_IRQHandler
                0x0800f8ac                ADC_IRQHandler
                0x0800f8ac                DMA1_Stream7_IRQHandler
                0x0800f8ac                TIM7_IRQHandler
                0x0800f8ac                CAN2_TX_IRQHandler
                0x0800f8ac                TIM5_IRQHandler
                0x0800f8ac                DMA2_Stream7_IRQHandler
                0x0800f8ac                I2C3_EV_IRQHandler
                0x0800f8ac                EXTI9_5_IRQHandler
                0x0800f8ac                RTC_WKUP_IRQHandler
                0x0800f8ac                ETH_WKUP_IRQHandler
                0x0800f8ac                SPI2_IRQHandler
                0x0800f8ac                OTG_HS_EP1_IN_IRQHandler
                0x0800f8ac                DMA1_Stream0_IRQHandler
                0x0800f8ac                CAN1_TX_IRQHandler
                0x0800f8ac                EXTI4_IRQHandler
                0x0800f8ac                FSMC_IRQHandler
                0x0800f8ac                OTG_HS_EP1_OUT_IRQHandler
                0x0800f8ac                WWDG_IRQHandler
                0x0800f8ac                OTG_FS_WKUP_IRQHandler
                0x0800f8ac                TIM1_TRG_COM_TIM11_IRQHandler
                0x0800f8ac                OTG_HS_IRQHandler
                0x0800f8ac                EXTI1_IRQHandler
                0x0800f8ac                USART2_IRQHandler
                0x0800f8ac                I2C2_ER_IRQHandler
                0x0800f8ac                DMA2_Stream1_IRQHandler
                0x0800f8ac                CAN1_SCE_IRQHandler
                0x0800f8ac                FLASH_IRQHandler
                0x0800f8ac                DMA2_Stream4_IRQHandler
                0x0800f8ac                USART1_IRQHandler
                0x0800f8ac                OTG_FS_IRQHandler
                0x0800f8ac                SPI3_IRQHandler
                0x0800f8ac                DMA1_Stream4_IRQHandler
                0x0800f8ac                I2C1_ER_IRQHandler
                0x0800f8ac                DMA2_Stream6_IRQHandler
                0x0800f8ac                DMA1_Stream3_IRQHandler
 *fill*         0x0800f8ae        0x2 
 .text.__libc_init_array
                0x0800f8b0       0x48 c:/program files (x86)/atollic/truestudio for stm32 9.3.0/armtools/bin/../lib/gcc/arm-atollic-eabi/6.3.1/../../../../arm-atollic-eabi/lib/armv7-m\libc_nano.a(lib_a-init.o)
                0x0800f8b0                __libc_init_array
 .text.memcmp   0x0800f8f8       0x1e c:/program files (x86)/atollic/truestudio for stm32 9.3.0/armtools/bin/../lib/gcc/arm-atollic-eabi/6.3.1/../../../../arm-atollic-eabi/lib/armv7-m\libc_nano.a(lib_a-memcmp.o)
                0x0800f8f8                memcmp
 .text.memcpy   0x0800f916       0x16 c:/program files (x86)/atollic/truestudio for stm32 9.3.0/armtools/bin/../lib/gcc/arm-atollic-eabi/6.3.1/../../../../arm-atollic-eabi/lib/armv7-m\libc_nano.a(lib_a-memcpy-stub.o)
                0x0800f916                memcpy
 .text.memset   0x0800f92c       0x10 c:/program files (x86)/atollic/truestudio for stm32 9.3.0/armtools/bin/../lib/gcc/arm-atollic-eabi/6.3.1/../../../../arm-atollic-eabi/lib/armv7-m\libc_nano.a(lib_a-memset.o)
                0x0800f92c                memset
 .text.printf   0x0800f93c       0x30 c:/program files (x86)/atollic/truestudio for stm32 9.3.0/armtools/bin/../lib/gcc/arm-atollic-eabi/6.3.1/../../../../arm-atollic-eabi/lib/armv7-m\libc_nano.a(lib_a-printf.o)
                0x0800f93c                iprintf
                0x0800f93c                printf
 .text._puts_r  0x0800f96c       0xb8 c:/program files (x86)/atollic/truestudio for stm32 9.3.0/armtools/bin/../lib/gcc/arm-atollic-eabi/6.3.1/../../../../arm-atollic-eabi/lib/armv7-m\libc_nano.a(lib_a-puts.o)
                0x0800f96c                _puts_r
 .text.puts     0x0800fa24       0x10 c:/program files (x86)/atollic/truestudio for stm32 9.3.0/armtools/bin/../lib/gcc/arm-atollic-eabi/6.3.1/../../../../arm-atollic-eabi/lib/armv7-m\libc_nano.a(lib_a-puts.o)
                0x0800fa24                puts
 .text.__swbuf_r
                0x0800fa34       0xa4 c:/program files (x86)/atollic/truestudio for stm32 9.3.0/armtools/bin/../lib/gcc/arm-atollic-eabi/6.3.1/../../../../arm-atollic-eabi/lib/armv7-m\libc_nano.a(lib_a-wbuf.o)
                0x0800fa34                __swbuf_r
 .text.__swsetup_r
                0x0800fad8       0xdc c:/program files (x86)/atollic/truestudio for stm32 9.3.0/armtools/bin/../lib/gcc/arm-atollic-eabi/6.3.1/../../../../arm-atollic-eabi/lib/armv7-m\libc_nano.a(lib_a-wsetup.o)
                0x0800fad8                __swsetup_r
 .text.__sflush_r
                0x0800fbb4      0x110 c:/program files (x86)/atollic/truestudio for stm32 9.3.0/armtools/bin/../lib/gcc/arm-atollic-eabi/6.3.1/../../../../arm-atollic-eabi/lib/armv7-m\libc_nano.a(lib_a-fflush.o)
                0x0800fbb4                __sflush_r
 .text._fflush_r
                0x0800fcc4       0x54 c:/program files (x86)/atollic/truestudio for stm32 9.3.0/armtools/bin/../lib/gcc/arm-atollic-eabi/6.3.1/../../../../arm-atollic-eabi/lib/armv7-m\libc_nano.a(lib_a-fflush.o)
                0x0800fcc4                _fflush_r
 .text._cleanup_r
                0x0800fd18        0xc c:/program files (x86)/atollic/truestudio for stm32 9.3.0/armtools/bin/../lib/gcc/arm-atollic-eabi/6.3.1/../../../../arm-atollic-eabi/lib/armv7-m\libc_nano.a(lib_a-findfp.o)
                0x0800fd18                _cleanup_r
 .text.std.isra.0
                0x0800fd24       0x48 c:/program files (x86)/atollic/truestudio for stm32 9.3.0/armtools/bin/../lib/gcc/arm-atollic-eabi/6.3.1/../../../../arm-atollic-eabi/lib/armv7-m\libc_nano.a(lib_a-findfp.o)
 .text.__sfmoreglue
                0x0800fd6c       0x2c c:/program files (x86)/atollic/truestudio for stm32 9.3.0/armtools/bin/../lib/gcc/arm-atollic-eabi/6.3.1/../../../../arm-atollic-eabi/lib/armv7-m\libc_nano.a(lib_a-findfp.o)
                0x0800fd6c                __sfmoreglue
 .text.__sinit  0x0800fd98       0x60 c:/program files (x86)/atollic/truestudio for stm32 9.3.0/armtools/bin/../lib/gcc/arm-atollic-eabi/6.3.1/../../../../arm-atollic-eabi/lib/armv7-m\libc_nano.a(lib_a-findfp.o)
                0x0800fd98                __sinit
 .text.__sfp    0x0800fdf8       0x78 c:/program files (x86)/atollic/truestudio for stm32 9.3.0/armtools/bin/../lib/gcc/arm-atollic-eabi/6.3.1/../../../../arm-atollic-eabi/lib/armv7-m\libc_nano.a(lib_a-findfp.o)
                0x0800fdf8                __sfp
 .text._fwalk_reent
                0x0800fe70       0x3c c:/program files (x86)/atollic/truestudio for stm32 9.3.0/armtools/bin/../lib/gcc/arm-atollic-eabi/6.3.1/../../../../arm-atollic-eabi/lib/armv7-m\libc_nano.a(lib_a-fwalk.o)
                0x0800fe70                _fwalk_reent
 .text.__swhatbuf_r